[    0.000000] Initializing cgroup subsys cpuset
[   0.000000] Iniiaizng cgroup subsys cpu
[    0.000000] Initializing cgroup subsys cpuacct
[    0.000000] Linux version 4.4.0-135-generic (buildd@lcy01-amd64-020) (gcc version 5.4.0 20160609 (Ubuntu 5.4.0-6ubuntu1~16.04.10) ) #161-Ubuntu SMP Mon Aug 27 10:45:01 UTC 2018 (Ubuntu 4.4.0-135.161-generic 4.4.140)
[    0.000000] Command line: BOOT_IMAGE=/boot/vmlinuz-4.4.0-135-generic root=LABEL=cloudimg-rootfs ro console=tty1 console=ttyS0
[    0.000000] KERNEL supported cpus:
[    0.000000]   Intel GenuineIntel
[    0.000000]   AMD AuthenticAMD
[    0.000000]   Centaur CentaurHauls
[    0.000000] x86/fpu: Legacy x87 FPU detected.
[    0.000000] e820: BIOS-provided physical RAM map:
[    0.000000] BIOS-e820: [mem 0x0000000000000000-0x000000000009fbff] usable
[    0.000000] BIOS-e820: [mem 0x000000000009fc00-0x000000000009ffff] reserved
[    0.000000] BIOS-e820: [mem 0x00000000000f0000-0x00000000000fffff] reserved
[    0.000000] BIOS-e820: [mem 0x0000000000100000-0x000000003ffeffff] usable
[    0.000000] BIOS-e820: [mem 0x000000003fff0000-0x000000003fffffff] ACPI data
[    0.000000] BIOS-e820: [mem 0x00000000fec00000-0x00000000fec00fff] reserved
[    0.000000] BIOS-e820: [mem 0x00000000fee00000-0x00000000fee00fff] reserved
[    0.000000] BIOS-e820: [mem 0x00000000fffc0000-0x00000000ffffffff] reserved
[    0.000000] NX (Execute Disable) protection: active
[    0.000000] SMBIOS 2.5 present.
[    0.000000] Hypervisor detected: KVM
[    0.000000] Kernel/User page tables isolation: disabled
[    0.000000] AGP: No AGP bridge found
[    0.000000] e820: last_pfn = 0x3fff0 max_arch_pfn = 0x400000000
[    0.000000] MTRR: Disabled
[    0.000000] x86/PAT: MTRRs disabled, skipping PAT initialization too.
[    0.000000] CPU MTRRs all blank - virtualized system.
[    0.000000] x86/PAT: Configuration [0-7]: WB  WT  UC- UC  WB  WT  UC- UC  
[    0.000000] found SMP MP-table at [mem 0x0009fff0-0x0009ffff] mapped at [ffff88000009fff0]
[    0.000000] Scanning 1 areas for low memory corruption
[    0.000000] RAMDISK: [mem 0x3630a000-0x3717cfff]
[    0.000000] ACPI: Early table checksum verification disabled
[    0.000000] ACPI: RSDP 0x00000000000E0000 000024 (v02 VBOX  )
[    0.000000] ACPI: XSDT 0x000000003FFF0030 00003C (v01 VBOX   VBOXXSDT 00000001 ASL  00000061)
[    0.000000] ACPI: FACP 0x000000003FFF00F0 0000F4 (v04 VBOX   VBOXFACP 00000001 ASL  00000061)
[    0.000000] ACPI: DSDT 0x000000003FFF0470 0021FF (v02 VBOX   VBOXBIOS 00000002 INTL 20180105)
[    0.000000] ACPI: FACS 0x000000003FFF0200 000040
[    0.000000] ACPI: FACS 0x000000003FFF0200 000040
[    0.000000] ACPI: APIC 0x000000003FFF0240 00005C (v02 VBOX   VBOXAPIC 00000001 ASL  00000061)
[    0.000000] ACPI: SSDT 0x000000003FFF02A0 0001CC (v01 VBOX   VBOXCPUT 00000002 INTL 20180105)
[    0.000000] No NUMA configuration found
[    0.000000] Faking a node at [mem 0x0000000000000000-0x000000003ffeffff]
[    0.000000] NODE_DATA(0) allocated [mem 0x3ffeb000-0x3ffeffff]
[    0.000000] kvm-clock: Using msrs 4b564d01 and 4b564d00
[    0.000000] kvm-clock: cpu 0, msr 0:3ffe3001, primary cpu clock
[    0.000000] clocksource: kvm-clock: mask: 0xffffffffffffffff max_cycles: 0x1cd42e4dffb, max_idle_ns: 881590591483 ns
[    0.000000] Zone ranges:
[    0.000000]   DMA      [mem 0x0000000000001000-0x0000000000ffffff]
[    0.000000]   DMA32    [mem 0x0000000001000000-0x000000003ffeffff]
[    0.000000]   Normal   empty
[    0.000000]   Device   empty
[    0.000000] Movable zone start for each node
[    0.000000] Early memory node ranges
[    0.000000]   node   0: [mem 0x0000000000001000-0x000000000009efff]
[    0.000000]   node   0: [mem 0x0000000000100000-0x000000003ffeffff]
[    0.000000] Initmem setup node 0 [mem 0x0000000000001000-0x000000003ffeffff]
[    0.000000] ACPI: PM-Timer IO Port: 0x4008
[    0.000000] IOAPIC[0]: apic_id 2, version 32, address 0xfec00000, GSI 0-23
[    0.000000] ACPI: INT_SRC_OVR (bus 0 bus_irq 0 global_irq 2 dfl dfl)
[    0.000000] ACPI: INT_SRC_OVR (bus 0 bus_irq 9 global_irq 9 low level)
[    0.000000] Using ACPI (MADT) for SMP configuration information
[    0.000000] smpboot: Allowing 2 CPUs, 0 hotplug CPUs
[    0.000000] PM: Registered nosave memory: [mem 0x00000000-0x00000fff]
[    0.000000] PM: Registered nosave memory: [mem 0x0009f000-0x0009ffff]
[    0.000000] PM: Registered nosave memory: [mem 0x000a0000-0x000effff]
[    0.000000] PM: Registered nosave memory: [mem 0x000f0000-0x000fffff]
[    0.000000] e820: [mem 0x40000000-0xfebfffff] available for PCI devices
[    0.000000] Booting paravirtualized kernel on KVM
[    0.000000] clocksource: refined-jiffies: mask: 0xffffffff max_cycles: 0xffffffff, max_idle_ns: 7645519600211568 ns
[    0.000000] setup_percpu: NR_CPUS:512 nr_cpumask_bits:512 nr_cpu_ids:2 nr_node_ids:1
[    0.000000] PERCPU: Embedded 34 pages/cpu @ffff88003fc00000 s99544 r8192 d31528 u1048576
[    0.000000] PV qspinlock hash table entries: 256 (order: 0, 4096 bytes)
[    0.000000] Built 1 zonelists in Node order, mobility grouping on.  Total pages: 257912
[    0.000000] Policy zone: DMA32
[    0.000000] Kernel command line: BOOT_IMAGE=/boot/vmlinuz-4.4.0-135-generic root=LABEL=cloudimg-rootfs ro console=tty1 console=ttyS0
[    0.000000] PID hash table entries: 4096 (order: 3, 32768 bytes)
[    0.000000] AGP: Checking aperture...
[    0.000000] AGP: No AGP bridge found
[    0.000000] Memory: 997720K/1048120K available (8554K kernel code, 1314K rwdata, 4004K rodata, 1516K init, 1316K bss, 50400K reserved, 0K cma-reserved)
[    0.000000] SLUB: HWalign=64, Order=0-3, MinObjects=0, CPUs=2, Nodes=1
[    0.000000] Hierarchical RCU implementation.
[    0.000000] 	Build-time adjustment of leaf fanout to 64.
[    0.000000] 	RCU restricting CPUs from NR_CPUS=512 to nr_cpu_ids=2.
[    0.000000] RCU: Adjusting geometry for rcu_fanout_leaf=64, nr_cpu_ids=2
[    0.000000] NR_IRQS:33024 nr_irqs:440 16
[    0.000000] Console: colour VGA+ 80x25
[    0.000000] console [tty1] enabled
[    0.000000] console [ttyS0] enabled
[    0.000000] tsc: Detected 2009.136 MHz processor
[    0.000000] tsc: Marking TSC unstable due to TSCs unsynchronized
[    0.008000] Calibrating delay loop (skipped) preset value.. 4018.27 BogoMIPS (lpj=8036544)
[    0.028041] pid_max: default: 32768 minimum: 301
[    0.032052] ACPI: Core revision 20150930
[    0.041253] ACPI: 2 ACPI AML tables successfully acquired and loaded
[    0.046129] Security Framework initialized
[    0.048048] Yama: becoming mindful.
[    0.052177] AppArmor: AppArmor initialized
[    0.056294] Dentry cache hash table entries: 131072 (order: 8, 1048576 bytes)
[    0.064374] Inode-cache hash table entries: 65536 (order: 7, 524288 bytes)
[    0.072929] Mount-cache hash table entries: 2048 (order: 2, 16384 bytes)
[    0.081043] Mountpoint-cache hash table entries: 2048 (order: 2, 16384 bytes)
[    0.095247] Initializing cgroup subsys io
[    0.097518] Initializing cgroup subsys memory
[    0.101631] Initializing cgroup subsys devices
[    0.109171] Initializing cgroup subsys freezer
[    0.112497] Initializing cgroup subsys net_cls
[    0.116306] Initializing cgroup subsys perf_event
[    0.121269] Initializing cgroup subsys net_prio
[    0.129567] Initializing cgroup subsys hugetlb
[    0.133298] Initializing cgroup subsys pids
[    0.137996] mce: CPU supports 0 MCE banks
[    0.141481] process: using AMD E400 aware idle routine
[    0.145076] Last level iTLB entries: 4KB 512, 2MB 8, 4MB 4
[    0.148859] Last level dTLB entries: 4KB 512, 2MB 8, 4MB 4, 1GB 0
[    0.152445] Spectre V2 : LFENCE not serializing. Switching to generic retpoline
[    0.161167] Spectre V2 : Mitigation: Full generic retpoline
[    0.169080] Spectre V2 : Speculation control IBPB not-supported IBRS not-supported
[    0.174672] Spectre V2 : Filling RSB on context switch
[    0.202972] Freeing SMP alternatives memory: 32K
[    0.281931] ftrace: allocating 32266 entries in 127 pages
[    0.344765] smpboot: APIC(0) Converting physical 0 to logical package 0
[    0.352588] smpboot: Max logical packages: 1
[    0.360671] x2apic enabled
[    0.364037] Switched APIC routing to physical x2apic.
[    0.379419] ..TIMER: vector=0x30 apic1=0 pin1=2 apic2=-1 pin2=-1
[    0.384000] APIC calibration not consistent with PM-Timer: 97ms instead of 100ms
[    0.384000] APIC delta adjusted to PM-Timer: 6250202 (6107198)
[    0.384165] smpboot: CPU0: AMD Athlon(tm) 64 X2 Dual Core Processor 3800+ (family: 0xf, model: 0x43, stepping: 0x2)
[    0.400135] Performance Events: Broken PMU hardware detected, using software events only.
[    0.408027] Failed to access perfctr msr (MSR c0010007 is 0)
[    0.416213] KVM setup paravirtual spinlock
[    0.426898] x86: Booting SMP configuration:
[    0.428029] .... node  #0, CPUs:      #1
[    0.008000] kvm-clock: cpu 1, msr 0:3ffe3041, secondary cpu clock
[    0.008000] mce: CPU supports 0 MCE banks
[    0.476244] x86: Booted up 1 node, 2 CPUs
[    0.480247] smpboot: Total of 2 processors activated (8036.54 BogoMIPS)
[    0.486383] devtmpfs: initialized
[    0.504000] evm: security.selinux
[    0.506605] evm: security.SMACK64
[    0.508030] evm: security.SMACK64EXEC
[    0.512026] evm: security.SMACK64TRANSMUTE
[    0.516027] evm: security.SMACK64MMAP
[    0.520026] evm: security.ima
[    0.524018] evm: security.capability
[    0.536451] clocksource: jiffies: mask: 0xffffffff max_cycles: 0xffffffff, max_idle_ns: 7645041785100000 ns
[    0.540129] futex hash table entries: 512 (order: 3, 32768 bytes)
[    0.547432] pinctrl core: initialized pinctrl subsystem
[    0.548384] RTC time: 17:59:12, date: 10/30/18
[    0.560675] NET: Registered protocol family 16
[    0.576037] cpuidle: using governor ladder
[    0.592045] cpuidle: using governor menu
[    0.605027] PCCT header not found.
[    0.611279] ACPI: bus type PCI registered
[    0.622032] acpiphp: ACPI Hot Plug PCI Controller Driver version: 0.5
[    0.644593] PCI: Using configuration type 1 for base access
[    0.681369] ACPI: Added _OSI(Module Device)
[    0.681369] ACPI: Added _OSI(Processor Device)
[    0.688000] ACPI: Added _OSI(3.0 _SCP Extensions)
[    0.692767] ACPI: Added _OSI(Processor Aggregator Device)
[    0.702698] ACPI: Executed 1 blocks of module-level executable AML code
[    0.722311] ACPI: Interpreter enabled
[    0.724056] ACPI: (supports S0 S5)
[    0.728029] ACPI: Using IOAPIC for interrupt routing
[    0.736570] PCI: Using host bridge windows from ACPI; if necessary, use "pci=nocrs" and report a bug
[    0.758040] ACPI: PCI Root Bridge [PCI0] (domain 0000 [bus 00-ff])
[    0.760097] acpi PNP0A03:00: _OSC: OS supports [ASPM ClockPM Segments MSI]
[    0.769000] acpi PNP0A03:00: _OSC: not requesting OS control; OS requires [ExtendedConfig ASPM ClockPM MSI]
[    0.776868] acpi PNP0A03:00: fail to add MMCONFIG information, can't access extended PCI configuration space under this bridge.
[    0.785781] PCI host bridge to bus 0000:00
[    0.788240] pci_bus 0000:00: root bus resource [io  0x0000-0x0cf7 window]
[    0.792032] pci_bus 0000:00: root bus resource [io  0x0d00-0xffff window]
[    0.796029] pci_bus 0000:00: root bus resource [mem 0x000a0000-0x000bffff window]
[    0.800028] pci_bus 0000:00: root bus resource [mem 0x40000000-0xfdffffff window]
[    0.804070] pci_bus 0000:00: root bus resource [bus 00-ff]
[    0.817325] pci 0000:00:01.1: legacy IDE quirk: reg 0x10: [io  0x01f0-0x01f7]
[    0.820741] pci 0000:00:01.1: legacy IDE quirk: reg 0x14: [io  0x03f6]
[    0.824098] pci 0000:00:01.1: legacy IDE quirk: reg 0x18: [io  0x0170-0x0177]
[    0.832101] pci 0000:00:01.1: legacy IDE quirk: reg 0x1c: [io  0x0376]
[    0.875568] pci 0000:00:07.0: quirk: [io  0x4000-0x403f] claimed by PIIX4 ACPI
[    0.884048] pci 0000:00:07.0: quirk: [io  0x4100-0x410f] claimed by PIIX4 SMB
[    0.959925] ACPI: PCI Interrupt Link [LNKA] (IRQs 5 9 10 *11)
[    0.976000] ACPI: PCI Interrupt Link [LNKB] (IRQs 5 9 *10 11)
[    0.990037] ACPI: PCI Interrupt Link [LNKC] (IRQs 5 *9 10 11)
[    1.002012] ACPI: PCI Interrupt Link [LNKD] (IRQs 5 9 10 *11)
[    1.010663] ACPI: Enabled 2 GPEs in block 00 to 07
[    1.019026] vgaarb: setting as boot device: PCI:0000:00:02.0
[    1.020000] vgaarb: device added: PCI:0000:00:02.0,decodes=io+mem,owns=io+mem,locks=none
[    1.020040] vgaarb: loaded
[    1.024026] vgaarb: bridge control possible 0000:00:02.0
[    1.028824] SCSI subsystem initialized
[    1.038095] ACPI: bus type USB registered
[    1.040266] usbcore: registered new interface driver usbfs
[    1.044084] usbcore: registered new interface driver hub
[    1.052406] usbcore: registered new device driver usb
[    1.064339] PCI: Using ACPI for IRQ routing
[    1.076000] NetLabel: Initializing
[    1.077742] NetLabel:  domain hash size = 128
[    1.080021] NetLabel:  protocols = UNLABELED CIPSOv4
[    1.084129] NetLabel:  unlabeled traffic allowed by default
[    1.088781] amd_nb: Cannot enumerate AMD northbridges
[    1.104891] clocksource: Switched to clocksource kvm-clock
[    1.170225] AppArmor: AppArmor Filesystem Enabled
[    1.178530] pnp: PnP ACPI init
[    1.187249] pnp: PnP ACPI: found 3 devices
[    1.247360] clocksource: acpi_pm: mask: 0xffffff max_cycles: 0xffffff, max_idle_ns: 2085701024 ns
[    1.265839] NET: Registered protocol family 2
[    1.281109] TCP established hash table entries: 8192 (order: 4, 65536 bytes)
[    1.283999] TCP bind hash table entries: 8192 (order: 5, 131072 bytes)
[    1.287936] TCP: Hash tables configured (established 8192 bind 8192)
[    1.303908] UDP hash table entries: 512 (order: 2, 16384 bytes)
[    1.311952] UDP-Lite hash table entries: 512 (order: 2, 16384 bytes)
[    1.327899] NET: Registered protocol family 1
[    1.367683] pci 0000:00:00.0: Limiting direct PCI/PCI transfers
[    1.367951] pci 0000:00:01.0: Activating ISA DMA hang workarounds
[    1.396658] Unpacking initramfs...
[    3.097218] Freeing initrd memory: 14796K
[    3.196475] clocksource: tsc: mask: 0xffffffffffffffff max_cycles: 0x1cf5e4c70c9, max_idle_ns: 440795301512 ns
[    3.204674] platform rtc_cmos: registered platform RTC device (no PNP device found)
[    3.204821] Scanning for low memory corruption every 60 seconds
[    3.205838] audit: initializing netlink subsys (disabled)
[    3.205923] audit: type=2000 audit(1540922358.239:1): initialized
[    3.207880] Initialise system trusted keyring
[    3.208997] HugeTLB registered 2 MB page size, pre-allocated 0 pages
[    3.220621] zbud: loaded
[    3.221393] VFS: Disk quotas dquot_6.6.0
[    3.221491] VFS: Dquot-cache hash table entries: 512 (order 0, 4096 bytes)
[    3.223103] squashfs: version 4.0 (2009/01/31) Phillip Lougher
[    3.225312] fuse init (API version 7.23)
[    3.225902] Key type big_key registered
[    3.225962] Allocating IMA MOK and blacklist keyrings.
[    3.230936] Key type asymmetric registered
[    3.230964] Asymmetric key parser 'x509' registered
[    3.231243] Block layer SCSI generic (bsg) driver version 0.4 loaded (major 249)
[    3.231433] io scheduler noop registered
[    3.231442] io scheduler deadline registered (default)
[    3.231542] io scheduler cfq registered
[    3.231873] pci_hotplug: PCI Hot Plug PCI Core version: 0.5
[    3.231897] pciehp: PCI Express Hot Plug Controller Driver version: 0.4
[    3.232377] ACPI: AC Adapter [AC] (on-line)
[    3.232554] input: Power Button as /devices/LNXSYSTM:00/LNXPWRBN:00/input/input0
[    3.232565] ACPI: Power Button [PWRF]
[    3.232702] input: Sleep Button as /devices/LNXSYSTM:00/LNXSLPBN:00/input/input1
[    3.232710] ACPI: Sleep Button [SLPF]
[    3.234102] GHES: HEST is not enabled!
[    3.234382] Serial: 8250/16550 driver, 32 ports, IRQ sharing enabled
[    3.270515] 00:02: ttyS0 at I/O 0x3f8 (irq = 4, base_baud = 115200) is a 16550A
[    3.301286] Linux agpgart interface v0.103
[    3.358504] loop: module loaded
[    3.360493] scsi host0: ata_piix
[    3.366501] scsi host1: ata_piix
[    3.366594] ata1: PATA max UDMA/33 cmd 0x1f0 ctl 0x3f6 bmdma 0xd000 irq 14
[    3.366594] ata2: PATA max UDMA/33 cmd 0x170 ctl 0x376 bmdma 0xd008 irq 15
[    3.367473] libphy: Fixed MDIO Bus: probed
[    3.367473] tun: Universal TUN/TAP device driver, 1.6
[    3.367473] tun: (C) 1999-2004 Max Krasnyansky <maxk@qualcomm.com>
[    3.367815] PPP generic driver version 2.4.2
[    3.368202] ehci_hcd: USB 2.0 'Enhanced' Host Controller (EHCI) Driver
[    3.368249] ehci-pci: EHCI PCI platform driver
[    3.368249] ehci-platform: EHCI generic platform driver
[    3.368301] ohci_hcd: USB 1.1 'Open' Host Controller (OHCI) Driver
[    3.368348] ohci-pci: OHCI PCI platform driver
[    3.368396] ohci-platform: OHCI generic platform driver
[    3.368396] uhci_hcd: USB Universal Host Controller Interface driver
[    3.368634] i8042: PNP: PS/2 Controller [PNP0303:PS2K,PNP0f03:PS2M] at 0x60,0x64 irq 1,12
[    3.376253] serio: i8042 KBD port at 0x60,0x64 irq 1
[    3.376312] serio: i8042 AUX port at 0x60,0x64 irq 12
[    3.376787] mousedev: PS/2 mouse device common for all mice
[    3.379959] input: AT Translated Set 2 keyboard as /devices/platform/i8042/serio0/input/input2
[    3.386435] rtc_cmos rtc_cmos: rtc core: registered rtc_cmos as rtc0
[    3.386624] rtc_cmos rtc_cmos: alarms up to one day, 114 bytes nvram
[    3.386658] i2c /dev entries driver
[    3.386812] device-mapper: uevent: version 1.0.3
[    3.389730] device-mapper: ioctl: 4.34.0-ioctl (2015-10-28) initialised: dm-devel@redhat.com
[    3.389777] ledtrig-cpu: registered to indicate activity on CPUs
[    3.394095] NET: Registered protocol family 10
[    3.394958] NET: Registered protocol family 17
[    3.395006] Key type dns_resolver registered
[    3.395908] registered taskstats version 1
[    3.395956] Loading compiled-in X.509 certificates
[    3.405044] Loaded X.509 cert 'Build time autogenerated kernel key: b7189ebc996fd79c52efc1226b6676b25e4f6a2d'
[    3.405152] zswap: loaded using pool lzo/zbud
[    3.461934] Key type trusted registered
[    3.588491] Key type encrypted registered
[    3.588517] AppArmor: AppArmor sha1 policy hashing enabled
[    3.588561] ima: No TPM chip found, activating TPM-bypass!
[    3.588580] ima: Allocated hash algorithm: sha1
[    3.588640] evm: HMAC attrs: 0x1
[    3.589760]   Magic number: 6:526:998
[    3.589825] i8042 kbd 00:00: hash matches
[    3.607811] rtc_cmos rtc_cmos: setting system clock to 2018-10-30 17:59:16 UTC (1540922356)
[    3.608608] powernow_k8: Power state transitions not supported
[    3.612502] powernow_k8: Power state transitions not supported
[    3.622567] BIOS EDD facility v0.16 2004-Jun-25, 0 devices found
[    3.622573] EDD information not available.
[    4.235054] Freeing unused kernel memory: 1516K
[    4.252368] Write protecting the kernel read-only data: 14336k
[    4.329543] Freeing unused kernel memory: 1672K
[    4.343445] Freeing unused kernel memory: 92K
Loading, please wait...
starting version[    4.866257] random: systemd-udevd: uninitialized urandom read (16 bytes read, 4 bits of entropy available)
 229
[    4.897906] random: systemd-udevd: uninitialized urandom read (16 bytes read, 4 bits of entropy available)
[    4.919047] random: systemd-udevd: uninitialized urandom read (16 bytes read, 4 bits of entropy available)
[    4.922074] random: udevadm: uninitialized urandom read (16 bytes read, 4 bits of entropy available)
[    4.924434] random: udevadm: uninitialized urandom read (16 bytes read, 4 bits of entropy available)
[    4.999954] random: systemd-udevd: uninitialized urandom read (16 bytes read, 4 bits of entropy available)
[    5.085114] random: systemd-udevd: uninitialized urandom read (16 bytes read, 4 bits of entropy available)
[    5.102843] random: systemd-udevd: uninitialized urandom read (16 bytes read, 4 bits of entropy available)
[    5.125184] random: systemd-udevd: uninitialized urandom read (16 bytes read, 4 bits of entropy available)
[    5.154941] random: udevadm: uninitialized urandom read (16 bytes read, 4 bits of entropy available)
[    6.372481] e1000: Intel(R) PRO/1000 Network Driver - version 7.3.21-k8-NAPI
[    6.514288] e1000: Copyright (c) 1999-2006 Intel Corporation.
[    6.649418] Fusion MPT base driver 3.04.20
[    6.652003] Copyright (c) 1999-2008 LSI Corporation
[    7.400002] Fusion MPT SPI Host driver 3.04.20
[    7.726525] input: ImExPS/2 Generic Explorer Mouse as /devices/platform/i8042/serio1/input/input4
[    8.530241] e1000 0000:00:03.0 eth0: (PCI:33MHz:32-bit) 02:fb:a8:4c:29:d0
[    8.606202] e1000 0000:00:03.0 eth0: Intel(R) PRO/1000 Network Connection
[    8.721318] mptbase: ioc0: Initiating bringup
[    9.811586] ioc0: LSI53C1030 A0: Capabilities={Initiator}
[   11.498115] scsi host2: ioc0: LSI53C1030 A0, FwRev=00000000h, Ports=1, MaxQ=256, IRQ=20
[   11.669886] scsi 2:0:0:0: Direct-Access     VBOX     HARDDISK         1.0  PQ: 0 ANSI: 5
[   11.745637] scsi target2:0:0: Beginning Domain Validation
[   11.782265] scsi target2:0:0: Domain Validation skipping write tests
[   11.796975] scsi target2:0:0: Ending Domain Validation
[   11.811290] scsi target2:0:0: asynchronous
[   11.843705] scsi 2:0:1:0: Direct-Access     VBOX     HARDDISK         1.0  PQ: 0 ANSI: 5
[   11.874572] scsi target2:0:1: Beginning Domain Validation
[   11.892421] scsi target2:0:1: Domain Validation skipping write tests
[   11.917856] scsi target2:0:1: Ending Domain Validation
[   12.024124] scsi target2:0:1: asynchronous
[   12.082398] sd 2:0:0:0: Attached scsi generic sg0 type 0
[   12.101197] sd 2:0:0:0: [sda] 20971520 512-byte logical blocks: (10.7 GB/10.0 GiB)
[   12.109187] sd 2:0:0:0: [sda] Write Protect is off
[   12.126569] sd 2:0:0:0: [sda] Incomplete mode parameter data
[   12.141873] sd 2:0:0:0: [sda] Assuming drive cache: write through
[   12.152959] sd 2:0:1:0: [sdb] 20480 512-byte logical blocks: (10.5 MB/10.0 MiB)
[   12.169660] sd 2:0:1:0: Attached scsi generic sg1 type 0
[   12.190206] sd 2:0:1:0: [sdb] Write Protect is off
[   12.201849] sd 2:0:1:0: [sdb] Incomplete mode parameter data
[   12.214058] sd 2:0:1:0: [sdb] Assuming drive cache: write through
[   12.240867]  sda: sda1
[   12.261795] sd 2:0:0:0: [sda] Attached SCSI disk
[   12.277167] sd 2:0:1:0: [sdb] Attached SCSI disk
[   13.433123] e1000 0000:00:08.0 eth1: (PCI:33MHz:32-bit) 08:00:27:f5:da:16
[   13.439067] e1000 0000:00:08.0 eth1: Intel(R) PRO/1000 Network Connection
[   13.458699] e1000 0000:00:08.0 enp0s8: renamed from eth1
[   13.493357] e1000 0000:00:03.0 enp0s3: renamed from eth0
Begin: Loading essential drivers ... [   17.994266] md: linear personality registered for level -1
[   18.118829] md: multipath personality registered for level -4
[   18.181881] md: raid0 personality registered for level 0
[   18.268821] md: raid1 personality registered for level 1
[   18.429167] raid6: sse2x1   gen()   435 MB/s
[   18.510460] raid6: sse2x1   xor()   727 MB/s
[   18.580865] raid6: sse2x2   gen()   966 MB/s
[   18.652183] raid6: sse2x2   xor()  1977 MB/s
[   18.724280] raid6: sse2x4   gen()  2669 MB/s
[   18.792463] raid6: sse2x4   xor()  1571 MB/s
[   18.796345] raid6: using algorithm sse2x4 gen() 2669 MB/s
[   18.801955] raid6: .... xor() 1571 MB/s, rmw enabled
[   18.806152] raid6: using intx1 recovery algorithm
[   18.825651] xor: measuring software checksum speed
[   18.888721]    prefetch64-sse:  3151.000 MB/sec
[   18.948909]    generic_sse:  2598.000 MB/sec
[   18.964902] xor: using function: prefetch64-sse (3151.000 MB/sec)
[   19.010171] async_tx: api initialized (async)
[   19.258337] md: raid6 personality registered for level 6
[   19.273753] md: raid5 personality registered for level 5
[   19.275993] md: raid4 personality registered for level 4
[   19.548003] md: raid10 personality registered for level 10
done.
Begin: Running /scripts/init-premount ... done.
Begin: Mounting root file system ... Begin: Running /scripts/local-top ... done.
Begin: Running /scripts/local-premount ... [   20.011911] Btrfs loaded
Scanning for Btrfs filesystems
done.
Warning: fsck not present, so skipping root file[   21.032986] EXT4-fs (sda1): mounted filesystem with ordered data mode. Opts: (null)
 system
done.
Begin: Running /scripts/local-bottom ... done.
Begin: Running /scripts/init-bottom ... [   21.474012] random: nonblocking pool is initialized
done.
[   22.592702] systemd[1]: systemd 229 running in system mode. (+PAM +AUDIT +SELINUX +IMA +APPARMOR +SMACK +SYSVINIT +UTMP +LIBCRYPTSETUP +GCRYPT +GNUTLS +ACL +XZ -LZ4 +SECCOMP +BLKID +ELFUTILS +KMOD -IDN)
[   22.661918] systemd[1]: Detected virtualization oracle.
[   22.668581] systemd[1]: Detected architecture x86-64.

Welcome to [1mUbuntu 16.04.5 LTS[0m!

[   22.751022] systemd[1]: Set hostname to <ubuntu>.
[   22.827840] systemd[1]: Initializing machine ID from random generator.
[   22.858718] systemd[1]: Installed transient /etc/machine-id file.
[   25.248428] systemd[1]: Set up automount Arbitrary Executable File Formats File System Automount Point.
[[0;32m  OK  [0m] Set up automount Arbitrary Executab...ats File System Automount Point.
[   25.413562] systemd[1]: Listening on Journal Socket.
[[0;32m  OK  [0m] Listening on Journal Socket.
[   25.468793] systemd[1]: Reached target Swap.
[[0;32m  OK  [0m] Reached target Swap.
[   25.500729] systemd[1]: Started Forward Password Requests to Wall Directory Watch.
[[0;32m  OK  [0m] Started Forward Password Requests to Wall Directory Watch.
[   25.620590] systemd[1]: Reached target System Time Synchronized.
[[0;32m  OK  [0m] Reached target System Time Synchronized.
[   25.689343] systemd[1]: Created slice System Slice.
[[0;32m  OK  [0m] Created slice System Slice.
[   25.777340] systemd[1]: Starting Create list of required static device nodes for the current kernel...
         Starting Create list of required st... nodes for the current kernel...
[   25.963995] systemd[1]: Listening on udev Control Socket.
[[0;32m  OK  [0m] Listening on udev Control Socket.
[   26.029006] systemd[1]: Listening on Journal Audit Socket.
[[0;32m  OK  [0m] Listening on Journal Audit Socket.
[   26.182059] systemd[1]: Starting Set console keymap...
         Starting Set console keymap...
[   26.223016] systemd[1]: Mounting Debug File System...
         Mounting Debug File System...
[   26.263935] systemd[1]: Starting Nameserver information manager...
         Starting Nameserver information manager...
[   26.398761] systemd[1]: Starting Remount Root and Kernel File Systems...
         Starting Remount Root and Kernel File Systems...
[   26.645119] EXT4-fs (sda1): re-mounted. Opts: (null)
[   26.665762] systemd[1]: Starting Load Kernel Modules...
         Starting Load Kernel Modules...
[   26.778] system[1]:Listin on Dvicemappr ven demonFIFOs.
[[0;32m  OK  [0m] Listening on Device-mapper event daemon FIFOs.
[   29.723664] systemd[1]: Starting Uncomplicated firewall...
[   29.877154] Loading iSCSI transport class v2.0-870.
         Starting Uncomplicated firewall...
[   29.991655] systemd[1]: Mounting Huge Pages File System...
         Mounting Huge Pages File System...
[   30.013244] systemd[1]: Started Trigger resolvconf update for networkd DNS.
[[0;32m  OK  [0m] Started Trigger resolvconf update for networkd DNS.
[   30.074171] systemd[1]: Created slice User and Session Slice.
[[0;32m  OK  [0m] Created slice User and Session Slice.
[   30.121276] systemd[1]: Reached target User and Group Name Lookups.
[[0;32m  OK  [0m] Reached target User and Group Name Lookups.
[   30.198322] systemd[1]: Listening on /dev/initctl Compatibility Named Pipe.
[[0;32m  OK  [0m] Listening on /dev/initctl Compatibility Named Pipe.
[   30.373064] systemd[1]: Mounting POSIX Message Queue File System...
         Mounting POSIX Message Queue File System...
[   30.463077] systemd[1]: Listening on udev Kernel Socket.
[[0;32m  OK  [0m] Listening on udev Kernel Socket.
[   30.654226] systemd[1]: Reached target Encrypted Volumes.
[[0;32m  OK  [0m] Reached targ[   30.700997] iscsi: registered transport (tcp)
et Encrypted Volumes.
[   30.721291] systemd[1]: Listening on LVM2 metadata daemon socket.
[[0;32m  OK  [0m] Listening on LVM2 metadata daemon socket.
[   30.937818] systemd[1]: Starting Monitoring of LVM2 mirrors, snapshots etc. using dmeventd or progress polling...
         Starting Monitoring of LVM2 mirrors... dmeventd or progress polling...
[   31.379471] systemd[1]: Listening on Journal Socket (/dev/log).
[[0;32m  OK  [0m] Listening on Journal Socket (/dev/log).
[   31.594360] systemd[1]: Listening on Syslog Socket.
[[0;32m  OK  [0m] Listening on Syslog Socket.
[   31.729921] systemd[1]: Starting Journal Service...
         Starting Journal Service...
[   31.748003] systemd[1]: Reached target Slices.
[[0;32m  OK  [0m] Reached target Slices.
[   31.806101] systemd[1]: Listening on LVM2 poll daemon socket.
[[0;32m  OK  [0m] Listening on LVM2 poll daemon socket.
[   31.866672] systemd[1]: Created slice system-serial\x2dgetty.slice.
[[0;32m  OK  [0m] Created slice system-serial\x2dgetty.slice.
[   31.979822] systemd[1]: Mounted POSIX Message Queue File System.
[[0;32m  OK  [0m] Mounted POSIX Message Queue File System.
[   32.014738] systemd[1]: Mounted Debug File System.
[[0;32m  OK  [0m] Mounted Debug File System.
[   32.034996] systemd[1]: Mounted Huge Pages File System.
[[0;32m  OK  [0m] Mounted Huge Pages File System.
[   32.055403] systemd[1]: Started Create list of required static device nodes for the current kernel.
[[0;32m  OK  [0m] Started Create list of required sta...ce nodes for the current kernel.
[   32.111822] systemd[1]: Started Set console keymap.
[[0;32m  OK  [0m] Started Set console keymap.
[   32.175156] iscsi: registered transport (iser)
[   32.251048] systemd[1]: Started Remount Root and Kernel File Systems.
[[0;32m  OK  [0m] Started Remount Root and Kernel File Systems.
[   32.366196] systemd[1]: Started Load Kernel Modules.
[[0;32m  OK  [0m] Started Load Kernel Modules.
[   32.752128] systemd[1]: Started Uncomplicated firewall.
[[0;32m  OK  [0m] Started Uncomplicated firewall.
[   32.857924] systemd[1]: Started Nameserver information manager.
[[0;32m  OK  [0m] Started Nameserver information manager.
[   32.973498] systemd[1]: Started Journal Service.
[[0;32m  OK  [0m] Started Journal Service.
[[0;32m  OK  [0m] Started LVM2 metadata daemon.
         Mounting FUSE Control File System...
         Starting Apply Kernel Variables...
         Starting Flush Journal to Persistent Storage...
         Starting udev Coldplug all Devices...
         Starting Load/Save Random Seed...
         Starting Create Static Device Nodes in /dev...
[[0;32m  OK  [0m] Mounted FUSE Control File System.
[[0;32m  OK  [0m] Started Monitoring of LVM2 mirrors,...ng dmeventd or progress polling.
[[0;32m  OK  [0m] Started Apply Kernel Variables.
[[0;32m  OK  [0m] Started Load/Save Random Seed.
[[0;32m  OK  [0m] Started Create Static Device Nodes in /dev.
[[0;32m  OK  [0m] Started udev Coldplug all Devices.
[[0;32m  OK  [0m] Started Flush Journal to Persistent Storage.
         Starting udev Kernel Device Manager...
[[0;32m  OK  [0m] Started udev Kernel Device Manager.
[[0;32m  OK  [0m] Started Dispatch Password Requests to Console Directory Watch.
[[0;32m  OK  [0m] Reached target Local File Systems (Pre).
[[0;32m  OK  [0m] Reached target Local File Systems.
         Starting Create Volatile Files and Directories...
         Starting Set console font and keymap...
         Starting Commit a transient machine-id on disk...
         Starting Initial cloud-init job (pre-networking)...
         Starting LSB: AppArmor initialization...
         Starting Tell Plymouth To Write Out Runtime Data...
[[0;32m  OK  [0m] Started Create Volatile Files and Directories.
[[0;32m  OK  [0m] Started Commit a transient machine-id on disk.
[[0;32m  OK  [0m] Started Tell Plymouth To Write Out Runtime Data.
         Starting Update UTMP about System Boot/Shutdown...
[[0;32m  OK  [0m] Started Update UTMP about System Boot/Shutdown.
[[0;32m  OK  [0m] Found device /dev/ttyS0.
[[0;32m  OK  [0m] Listening on Load/Save RF Kill Switch Status /dev/rfkill Watch.
[[0;32m  OK  [0m] Started Set console font and keymap.
[[0;32m  OK  [0m] Created slice system-getty.slice.
[[0;32m  OK  [0m] Started LSB: AppArmor initialization.
[   60.232540] cloud-init[494]: Cloud-init v. 18.3-9-g2e62cb8a-0ubuntu1~16.04.2 running 'init-local' at Tue, 30 Oct 2018 18:00:04 +0000. Up 52.00 seconds.
[[0;32m  OK  [0m] Started Initial cloud-init job (pre-networking).
[[0;32m  OK  [0m] Reached target Network (Pre).
         Starting Raise network interfaces...
[    [0;31m*[0;1;31m*[0m] A start job is running for Raise network interfaces (42s / 5min 37s)[K[   [0;31m*[0;1;31m*[0m[0;31m*[0m] A start job is running for Raise network interfaces (42s / 5min 37s)[K[  [0;31m*[0;1;31m*[0m[0;31m* [0m] A start job is running for Raise network interfaces (43s / 5min 37s)[K[[0;32m  OK  [0m] Started Raise network interfaces.
         Starting Initial cloud-init job (metadata service crawler)...
[[0;32m  OK  [0m] Reached target Network.
[   76.483606] cloud-init[941]: Cloud-init v. 18.3-9-g2e62cb8a-0ubuntu1~16.04.2 running 'init' at Tue, 30 Oct 2018 18:00:23 +0000. Up 70.99 seconds.
[   76.656899] cloud-init[941]: ci-info: ++++++++++++++++++++++++++++++++++++++Net device info+++++++++++++++++++++++++++++++++++++++
[[0;32m  OK  [0m] Started Initial cloud-init job (metadata service crawler).
[   76.821414] cloud-init[941]: ci-info: +--------+-------+----------------------------+---------------+--------+-------------------+
[   77.024871] [cloud-init[0;32m  OK  [0m[941]: ] ci-info: | Device |   Up  |          Address           |      Mask     | Scope  |     Hw-Address    |Reached target System Initialization.

[   77.026295] cloud-init[941]: ci-info: +--------+-------+----------------------------+---------------+--------+-------------------+
         Starting Socket activation for snappy daemon.
[   77.299843] cloud-init[941]: ci-info: | enp0s3 |  True |         10.0.2.15          | 255.255.255.0 | global | 02:fb:a8:4c:29:d0 |
[[0;32m  OK  [0m] Started Daily apt download activities.
[   77.324918] cloud-init[941]: ci-info: | enp0s3 |  True | fe80::fb:a8ff:fe4c:29d0/64 |       .       |  link  | 02:fb:a8:4c:29:d0 |[
[0;32m  OK  [0m] Listening on D-Bus System Message Bus Socket.
[   77.349959] cloud-init[941]: ci-info: | enp0s8 | False |             .              |       .       |   .    | 08:00:27:f5:da:16 |
[   77.396684] cloud-init[941]: ci-info: |   lo   |  True |         127.0.0.1          |   255.0.0.0   |  host  |         .         |[[0;32m  OK  [0m] Started ACPI Events Check.

[   77.413791] cloud-init[941]: ci-info: |   lo   |  True |          ::1/128           |       .       |  host  |         .         |
[   77.422955] cloud-init[941]: ci-info: +--------+-------+----------------------------+---------------+--------+-------------------+
[   77.429698] cloud-init[941]: [[0;32m  OK  [0m] Reached target Paths.
ci-info: +++++++++++++++++++++++++++Route IPv4 info++++++++++++++++++++++++++++
[   77.443215] cloud-init[941]: ci-info: +-------+-------------+----------+---------------+-----------+-------+
[   77.459625] cloud-init[941]: ci-info: | Route | Destination | Gateway  |    Genmask    | Interface | Flags |
[   77.464693] cloud-init[941]: ci-info: +-------+-------------+----------+---------------+-----------+-------+
[   77.473876] cloud-init[941]: ci-info: |   0   |   0.0.0.0   | 10.0.2.2 |    0.0.0.0    |   enp0s3  |   UG  |
[   77.474096] cloud-init[941]: ci-info: |   1   |   10.0.2.0  | 0.0.0.0  | 255.255.255.0 |   enp0s3  |   U   |
[   77.474269] cloud-init[941]: ci-info: +-------+-------------+----------+---------------+-----------+-------+
[   77.474408] cloud-init[941]: ci-info: +++++++++++++++++++Route IPv6 info+++++++++++++++++++
[   77.474584] cloud-init[941]: ci-info: +-------+-------------+---------+-----------+-------+
[   77.474724] cloud-init[941]: ci-info: | Route | Destination | Gateway | Interface | Flags |
[   77.474865] cloud-init[941]: ci-info: +-------+-------------+---------+-----------+-------+
[   77.475027] cloud-init[941]: ci-info: |   0   |  fe80::/64  |    ::   |   enp0s3  |   U   |
[   77.475370] cloud-init[941]: ci-info: |   4   |   ff00::/8  |    ::   |   enp0s3  |   U   |
[   77.475552] cloud-init[941]: ci-info: +-------+-------------+---------+-----------+-------+
[   77.475711] cloud-init[941]: Generating public/private rsa key pair.
[   77.475898] cloud-init[941]: Your identification has been saved in /etc/ssh/ssh_host_rsa_key.
[   77.476173] cloud-init[941]: Your public key has been saved in /etc/ssh/ssh_host_rsa_key.pub.
[   77.476314] cloud-init[941]: The key fingerprint is:
[   77.476456] cloud-init[941]: SHA256:zdwctGAb+NtAb5XHQPD8pW3lGPx8yT6CU/IfUAX08OE root@ubuntu-xenial
[   77.476619] cloud-init[941]: The key's randomart image is:
[   77.476760] cloud-init[941]: +---[RSA 2048]----+
[   77.476935] cloud-init[941]: |         .+ o+**.|
[   77.477076] cloud-init[941]: |        ...= =++=|
[   77.477217] cloud-init[941]: |         o..o.=E=|
[   77.477376] cloud-init[941]: |         +ooo.oX+|
[   77.477565] cloud-init[941]: |        S +*ooooO|
[   77.477744] cloud-init[941]: |          . * o..|
[   77.477917] cloud-init[941]: |           o o + |
[   77.478064] cloud-init[941]: |            . o o|
[   77.478231] cloud-init[941]: |               . |
[   77.478398] cloud-init[941]: +----[SHA256]-----+
[   77.478554] cloud-init[941]: Generating public/private dsa key pair.
[   77.478717] cloud-init[941]: Your identification has been saved in /etc/ssh/ssh_host_dsa_key.
[   77.478862] cloud-init[941]: Your public key has been saved in /etc/ssh/ssh_host_dsa_key.pub.
[   77.479086] cloud-init[941]: The key fingerprint is:
[   77.479231] cloud-init[941]: SHA256:o6q2Vo6oAWzv32wLduoi3bOM2Kc6Yuypdn/NMnB0hjc root@ubuntu-xenial
[   77.479391] cloud-init[941]: The key's randomart image is:
[   77.479550] cloud-init[941]: +---[DSA 1024]----+
[   77.479703] cloud-init[941]: |                 |
[   77.479850] cloud-init[941]: |                 |
[   77.480086] cloud-init[941]: |        .        |
[   77.480243] cloud-init[941]: |.      o E       |
[   77.480404] cloud-init[941]: |.o    . S .      |
[   77.480551] cloud-init[941]: |o . .. o .       |
[   77.480752] cloud-init[941]: |o..=.o+.o        |
[   77.480902] cloud-init[941]: |oBO+==*= o       |
[   77.481056] cloud-init[941]: |XBBBOB=++        |
[   77.481198] cloud-init[941]: +----[SHA256]-----+
         Starting LXD - unix socket.
[   77.486366] cloud-init[941]: Generating public/private ecdsa key pair.
[   77.937270] cloud-init[941]: Your identification has been saved in /etc/ssh/ssh_host_ecdsa_key.
[   77.940698] cloud-init[941]: Your public key has been saved in /etc/ssh/ssh_host_ecdsa_key.pub.
[   77.940842] cloud-init[941]: The key fingerprint is:
[   77.941030] cloud-init[941]: SHA256:9LBzkqSuRAxXdIQw/Y+a9VmjujQM8R1YI9Ki2pnQhcg root@ubuntu-xenial
[   77.941178] cloud-init[941]: The key's randomart image is:
[   77.941301] cloud-init[941]: +---[ECDSA 256]---+
[   77.941430] cloud-init[941]: | . .o=+++ o      |
[   77.941557] cloud-init[941]: |  E .o=o.+ .     |
[   77.941721] cloud-init[941]: |  ...o.o= .      |
[   77.941860] cloud-init[941]: |  .+o  *.* .     |
[   77.941985] cloud-init[941]: |   +ooo So+      |
[   77.942110] cloud-init[941]: |  ..+. oo+. o    |
[   77.942235] cloud-init[941]: |    . .++. + .   |
[   77.942377] cloud-init[941]: |   . .o. .+      |
[   77.942501] cloud-init[941]: |    .   oo       |
[   77.942669] cloud-init[941]: +----[SHA256]-----+
[   77.942788] cloud-init[941]: Generating public/private ed25519 key pair.
[   77.942927] cloud-init[941]: Your identification has been saved in /etc/ssh/ssh_host_ed25519_key.
[   77.943105] cloud-init[941]: Your public key has been saved in /etc/ssh/ssh_host_ed25519_key.pub.
[   77.943232] cloud-init[941]: The key fingerprint is:
[   77.943349] cloud-init[941]: SHA256:3Q+yKECvaN66fVcPX3ZMycN/EECr1UF8sho/dcA69Nw root@ubuntu-xenial
[   77.943480] cloud-init[941]: The key's randomart image is:
[   77.943599] cloud-init[941]: +--[ED25519 256]--+
[   77.943724] cloud-init[941]: |           .o=o  |
[   77.943848] cloud-init[941]: |            .o*..|
[   77.944923] cloud-init[941]: |    .      .o++B.|
[   77.945073] cloud-init[941]: |   . .   . ++ ==E|
[   77.945207] cloud-init[941]: |    . . S + o= =+|
[   77.945333] cloud-init[941]: |   . o   .oo.o= =|
[   77.945458] cloud-init[941]: |  o . . ...+ o.o.|
[   77.945633] cloud-init[941]: | o o  ...   o    |
[   77.945905] cloud-init[941]: |  +oo. .         |
[[0;32m  OK  [0m] Started Daily Cleanup of Temporary Directories.
[   77.946088] cloud-init[941]: +----[SHA256]-----+
[[0;32m  OK  [0m] Listening on UUID daemon activation socket.
[[0;32m  OK  [0m] Started Daily apt upgrade and clean activities.
[[0;32m  OK  [0m] Reached target Timers.
[[0;32m  OK  [0m] Listening on ACPID Listen Socket.
[[0;32m  OK  [0m] Reached target Cloud-config availability.
[[0;32m  OK  [0m] Reached target Network is Online.
         Starting iSCSI initiator daemon (iscsid)...
[[0;32m  OK  [0m] Listening on Socket activation for snappy daemon.
[[0;32m  OK  [0m] Listening on LXD - unix socket.
[[0;32m  OK  [0m] Reached target Sockets.
[[0;32m  OK  [0m] Reached target Basic System.
         Starting Accounts Service...
         Starting LSB: Record successful boot for GRUB...
[[0;32m  OK  [0m] Started D-Bus System Message Bus.
         Starting Virtualbox guest utils...
[[0;32m  OK  [0m] Started ACPI event daemon.
         Starting LXD - container startup/shutdown...
         Starting /etc/rc.local Compatibility...
         Starting Pollinate to seed the pseudo random number generator...
[[0;32m  OK  [0m] Started FUSE filesystem for LXC.
         Starting Login Service...
[[0;32m  OK  [0m] Started Unattended Upgrades Shutdown.
[[0;32m  OK  [0m] Started Deferred execution scheduler.
         Starting Snappy daemon...
         Starting LSB: MD monitoring daemon...
[[0;32m  OK  [0m] Started Regular background program processing daemon.
         Starting System Logging Service...
[[0;32m  OK  [0m] Started /etc/rc.local Compatibility.
[[0;32m  OK  [0m] Started iSCSI initiator daemon (iscsid).
[[0;32m  OK  [0m] Started System Logging Service.
         Starting Authenticate and Authorize Users to Run Privileged Tasks...
         Starting Login to default iSCSI targets...
[[0;32m  OK  [0m] Started Login Service.
[[0;32m  OK  [0m] Started LSB: Record successful boot for GRUB.
[[0;32m  OK  [0m] Started LXD - container startup/shutdown.
[[0;32m  OK  [0m] Started Authenticate and Authorize Users to Run Privileged Tasks.
[[0;32m  OK  [0m] Started Accounts Service.
[[0;32m  OK  [0m] Started Login to default iSCSI targets.
[[0;32m  OK  [0m] Reached target Remote File Systems (Pre).
[[0;32m  OK  [0m] Reached target Remote File Systems.
         Starting LSB: daemon to balance interrupts for SMP systems...
         Starting Permit User Sessions...
         Starting LSB: Set the CPU Frequency Scaling governor to "ondemand"...
         Starting LSB: automatic crash report generation...
[[0;32m  OK  [0m] Started LSB: MD monitoring daemon.
[[0;32m  OK  [0m] Started Permit  ser Sessions.
         Starting Terminate Plymouth Boot Screen...
         Starting Hold until boot process finishes up...
[[0;32m  OK  [0m] Started Terminate Plymouth Boot Screen.
[[0;32m  OK  [0m] Started Hold until boot process finishes up.
[[0;32m  OK  [0m] Started Virtualbox guest utils.
[[0;32m  OK  [0m] Started Serial Getty on ttyS0.
         Starting Set console scheme...
[[0;32m  OK  [0m] Started Getty on tty1.
[[0;32m  OK  [0m] Reached target Login Prompts.
[[0;32m  OK  [0m] Started LSB: daemon to balance interrupts for SMP systems.
[[0;32m  OK  [0m] Started LSB: Set the CPU Frequency Scaling governor to "ondemand".
[[0;32m  OK  [0m] Started LSB: automatic crash report generation.
[[0;32m  OK  [0m] Started Set console scheme.
[[0;32m  OK  [0m] Started Snappy daemon.
         Starting Wait until snapd is fully seeded...
[[0;32m  OK  [0m] Started Pollinate to seed the pseudo random number generator.
         Starting OpenBSD Secure Shell server...
[[0;32m  OK  [0m] Started OpenBSD Secure Shell server.
[[0;32m  OK  [0m] Created slice User Slice of vagrant.
[[0;32m  OK  [0m] Started Session 1 of user vagrant.
         Starting User Manager for UID 1000...
[[0;32m  OK  [0m] Started User Manager for UID 1000.

Ubuntu 16.04.5 LTS ubuntu-xenial ttyS0

ubuntu-xenial login: [   98.712921] cloud-init[1344]: Generating locales (this might take a while)...
[  106.821327] cloud-init[1344]:   en_US.UTF-8... done
[  106.845754] cloud-init[1344]: Generation complete.
[  111.053325] cloud-init[1344]: Cloud-init v. 18.3-9-g2e62cb8a-0ubuntu1~16.04.2 running 'modules:config' at Tue, 30 Oct 2018 18:00:50 +0000. Up 97.38 seconds.
ci-info: no authorized ssh keys fingerprints found for user ubuntu.
<14>Oct 30 18:01:08 ec2: 
<14>Oct 30 18:01:08 ec2: #############################################################
<14>Oct 30 18:01:08 ec2: -----BEGIN SSH HOST KEY FINGERPRINTS-----
<14>Oct 30 18:01:08 ec2: 1024 SHA256:o6q2Vo6oAWzv32wLduoi3bOM2Kc6Yuypdn/NMnB0hjc root@ubuntu-xenial (DSA)
<14>Oct 30 18:01:08 ec2: 256 SHA256:9LBzkqSuRAxXdIQw/Y+a9VmjujQM8R1YI9Ki2pnQhcg root@ubuntu-xenial (ECDSA)
<14>Oct 30 18:01:08 ec2: 256 SHA256:3Q+yKECvaN66fVcPX3ZMycN/EECr1UF8sho/dcA69Nw root@ubuntu-xenial (ED25519)
<14>Oct 30 18:01:08 ec2: 2048 SHA256:zdwctGAb+NtAb5XHQPD8pW3lGPx8yT6CU/IfUAX08OE root@ubuntu-xenial (RSA)
<14>Oct 30 18:01:08 ec2: -----END SSH HOST KEY FINGERPRINTS-----
<14>Oct 30 18:01:08 ec2: #############################################################
-----BEGIN SSH HOST KEY KEYS-----
ecdsa-sha2-nistp256 AAAAE2VjZHNhLXNoYTItbmlzdHAyNTYAAAAIbmlzdHAyNTYAAABBBNxTOCDeFlkq+aHwRHUx6EusZFxSwUxV9yNJjqAnWEAr3+F8160+Ynx2xxyockKbW0uRPmxQTrXZT/3fKFLCxi4= root@ubuntu-xenial
ssh-ed25519 AAAAC3NzaC1lZDI1NTE5AAAAICZrkw/5ZiB013rGwglRujVf9J97VFX5kzCVATiGSJMJ root@ubuntu-xenial
ssh-rsa AAAAB3NzaC1yc2EAAAADAQABAAABAQDZVtk2bCpiMLTaX8JvtcuYXO9LDqJp4ksJPpn0/ToqP65T7GtIMzCO8WIRNUZCUs6f1nJuApWSGbtxTJCdYKPVl1v/Mkdy4b1vyaohIXegojTCGviAqrrwaohotHSVTdvQBTcVYWvEMJDkC/Eopm/HPlBoQF+nbl/QLu/GzqK06SFxgKkXIM75QFZjwPdYGN4P5amPgjHiefnf8cLgpVCY1Y3437ysOqyVaiAD3jR4z5blLdlQlggnqXyaDtEszLZcpaeK8Fi4QICSd08zwdNd4PJjt+RzxH9CG7Dtkgaq+PerONhZ98jhHDDm99nnLhb0ptYd8fUH/pi/spoBSjCV root@ubuntu-xenial
-----END SSH HOST KEY KEYS-----
[  115.931856] cloud-init[1567]: Cloud-init v. 18.3-9-g2e62cb8a-0ubuntu1~16.04.2 running 'modules:final' at Tue, 30 Oct 2018 18:01:07 +0000. Up 114.33 seconds.
[  115.934910] cloud-init[1567]: ci-info: no authorized ssh keys fingerprints found for user ubuntu.
[  115.957290] cloud-init[1567]: Cloud-init v. 18.3-9-g2e62cb8a-0ubuntu1~16.04.2 finished at Tue, 30 Oct 2018 18:01:08 +0000. Datasource DataSourceNoCloud [seed=/dev/sdb][dsmode=net].  Up 115.67 seconds
[47176.782311] e1000 0000:00:08.0 enp0s8: Reset adapter
[47256.405473] NMI watchdog: BUG: soft lockup - CPU#0 stuck for 38s! [kworker/0:1:3827]
[47256.405473] NMI watchdog: BUG: soft lockup - CPU#1 stuck for 83s! [swapper/1:0]
[47337.454086] INFO: rcu_sched detected stalls on CPUs/tasks:
[47337.454086] 	1-...: (0 ticks this GP) idle=f43/140000000000000/0 softirq=134476/134476 fqs=0 
[47337.454086] 	(detected by 0, t=19268 jiffies, g=73600, c=73599, q=83)
[47337.454086] rcu_sched kthread starved for 19268 jiffies! g73600 c73599 f0x0 s3 ->state=0x1
[47396.517903] NMI watchdog: BUG: soft lockup - CPU#1 stuck for 100s! [snapd:1077]
[47481.671712] NMI watchdog: BUG: soft lockup - CPU#0 stuck for 93s! [kworker/0:3:835]
[47481.675914] e1000 0000:00:08.0 enp0s8: Reset adapter
[47483.773434] e1000 0000:00:08.0 enp0s8: Detected Tx Unit Hang
[47483.773434]   Tx Queue             <0>
[47483.773434]   TDH                  <0>
[47483.773434]   TDT                  <1>
[47483.773434]   next_to_use          <1>
[47483.773434]   next_to_clean        <0>
[47483.773434] buffer_info[next_to_clean]
[47483.773434]   time_stamp           <100b3fcd4>
[47483.773434]   next_to_watch        <0>
[47483.773434]   jiffies              <100b3fde7>
[47483.773434]   next_to_watch.status <0>
[47483.987370] e1000 0000:00:08.0 enp0s8: Reset adapter
[60336.565353] INFO: rcu_sched detected stalls on CPUs/tasks:
[60419.270281] 	0-...: (1 GPs behind) idle=96d/140000000000002/0 softirq=174502/174503 fqs=0 
[60419.270281] 	1-...: (0 ticks this GP) idle=1db/140000000000000/0 softirq=159090/159090 fqs=0 
[60419.270281] 	(detected by 0, t=0 jiffies, g=87316, c=87315, q=27)
[170347.342616] NMI watchdog: BUG: soft lockup - CPU#0 stuck for 47s! [watchdog/0:10]
[170347.342616] INFO: rcu_sched self-detected stall on CPU
[170347.342616] 	1-...: (1 GPs behind) idle=969/1/0 softirq=394879/394880 fqs=0 
[170347.342616] 	 (t=26863 jiffies g=197143 c=197142 q=11)
[170347.342616] rcu_sched kthread starved for 26863 jiffies! g197143 c197142 f0x0 s3 ->state=0x1
