[    0.00000] nitializing cgroup subsys cpuset
[    0.000000] Initializing cgrop subsys cpu
[    0.000000] Initializing cgroup subsys cpuact
[    0.000000] Linux verion 4.4.-135-gneric buildd@lcy01-amd64-020) (gcc version 5.4.0 20160609 (Ubuntu 5.4.0-6ubuntu1~16.04.10) ) #161-Ubuntu SMPMo Aug 7 10:45:01 UTC2018(Ubutu 4.4.0-15.161-generic 4.4.140)
[    0.000000] Command line: BOOT_IMAGE=/boot/vmlinuz-4..0-15-generic root=LABEL=cloudimg-rootfs ro console=ty1 console=ttyS0
[    0.000000] KERNEL suporte cpus:
[    0.000000]   Intel GenuineIntel
[    0.000000   AMD AuthenticAMD
[    0.000000]   Cenaur CetaurHauls
[    0.000000] x86/fpu: Legacy x87 FPU detected.
[    0.000000] e820: BIOS-provided physical RAM map:
[    0.000000] BIOS-e820: [mem 0x0000000000000000-0x000000000009fbff] usable
[    0.000000] BIOS-e820: [mem 0x000000000009fc00-0x000000000009ffff] reserved
[    0.000000] BIOS-e820: [mem 000000000000f0000-0x00000000000fffff] reserved
[    0.000000] BIOS-e820: [mem 0x0000000000100000-0x000000003ffeffff] usable
[    0.00000 BIO-e820:[mem 000000003fff0000-x00000003fffffff] ACPI daa
[    0.000000] BIOS-e820: [mem 0x00000000fec00000-0x00000000fec00fff] reserved
[    0000000]BIOS-e820: [mem 0x0000000fee0000-0x0000000fee0fff] reseved
[   0.000000] BIOS-e820: [mm 0x00000000fffc0000-0x0000000fffffff] reserved
    0000000 NX (Execut Disable) protection: active
[    0.000000] SMBIOS 2.5 present.
[   0.00000] Hypervisordeteted:KVM
[   0.00000] Kernl/User page tables isolation: disaled
[   0.000000] AGP: No AGP bridge found
[    0.00000] 820: last_pn = x3fff0 max_arch_pfn = 0x400000000
[    0.000000] MTRR: Disabled
[    0.000000] x86/PAT: MTRRs disabled, skipping PAT initialization too.
[    0.000000] CPU MTRRs all blank - virtualized system.
[    0.000000] x86/PAT: Configuration [0-7]: WB  WT  UC- UC  WB  WT  UC- UC  
[    0.000000] found SMP MP-table at [mem 0x0009fff0-0x0009ffff] mapped at [ffff88000009fff0]
[    0.000000] Scanning 1 areas for low memory corruption
[    0.000000] RAMDISK: [mem 0x3630a000-0x3717cfff]
[    0.000000] ACPI: Early table checksum verification disabled
[    0.000000] ACPI: RSDP 0x00000000000E0000 000024 (v02 VBOX  )
[    0.000000] ACPI: XSDT 0x000000003FFF0030 00003C (v01 VBOX   VBOXXSDT 00000001 ASL  00000061)
[    0.000000] ACPI: FACP 0x000000003FFF00F0 0000F4 (v04 VBOX   VBOXFACP 00000001 ASL  00000061)
[    0.000000] ACPI: DSDT 0x000000003FFF0470 0021FF (v02 VBOX   VBOXBIOS 00000002 INTL 20180105)
[    0.000000] ACPI: FACS 0x000000003FFF0200 000040
[    0.000000] ACPI: FACS 0x000000003FFF0200 000040
[    0.000000] ACPI: APIC 0x000000003FFF0240 00005C (v02 VBOX   VBOXAPIC 00000001 ASL  00000061)
[    0.000000] ACPI: SSDT 0x000000003FFF02A0 0001CC (v01 VBOX   VBOXCPUT 00000002 INTL 20180105)
[    0.000000] No NUMA configuration found
[    0.000000] Faking a node at [mem 0x0000000000000000-0x000000003ffeffff]
[    0.000000] NODE_DATA(0) allocated [mem 0x3ffeb000-0x3ffeffff]
[    0.000000] kvm-clock: Using mrs 4b564d01 and 4b564d00
[    0.000000] kvm-clock: cpu 0, msr 0:3ffe3001, primary cpu clock
[    0.000000] clocksource: kvm-clock: mask: 0xffffffffffffffff max_cycles: 0x1cd42e4dffb, max_idle_ns: 881590591483 ns
[    0.000000] Zone ranges:
[    0.000000]   DMA      [mem 0x0000000000001000-0x0000000000ffffff]
[    0.000000]   DMA32    [mem 0x0000000001000000-0x000000003ffeffff]
[    0.000000]   Normal   empty
[    0.000000]   Device   empty
[    0.000000] Movable zone start for each node
[    0.000000] Early memory node ranges
[    0.000000]   node   0: [mem 0x0000000000001000-0x000000000009efff]
[    0.000000]   node   0: [mem 0x0000000000100000-0x000000003ffeffff]
[    0.000000] Initmem setup node 0 [mem 0x0000000000001000-0x000000003ffeffff]
[    0.000000] ACPI: PM-Timer IO Port: 0x4008
[    0.000000] IOAPIC[0]: apic_id 2, version 32, address 0xfec00000, GSI 0-23
[    0.000000] ACPI: INT_SRC_OVR (bus 0 bus_irq 0 global_irq 2 dfl dfl)
[    0.000000] ACPI: INT_SRC_OVR (bus 0 bus_irq 9 global_irq 9 low level)
[    0.000000] Using ACPI (MADT) for SMP configuration information
[    0.000000] smpboot: Allowing 2 CPUs, 0 hotplug CPUs
[    0.000000] PM: Registered nosave memory: [mem 0x00000000-0x00000fff]
[    0.000000] PM: Registered nosave memory: [mem 0x0009f000-0x0009ffff]
[    0.000000] PM: Registered nosave memory: [mem 0x000a0000-0x000effff]
[    0.000000] PM: Registered nosave memory: [mem 0x000f0000-0x000fffff]
[    0.000000] e820: [mem 0x40000000-0xfebfffff] available for PCI devices
[    0.000000] Booting paravirtualized kernel on KVM
[    0.000000] clocksource: refined-jiffies: mask: 0xffffffff max_cycles: 0xffffffff, max_idle_ns: 7645519600211568 ns
[    0.000000] setup_percpu: NR_CPUS:512 nr_cpumask_bits:512 nr_cpu_ids:2 nr_node_ids:1
[    0.000000] PERCPU: Embedded 34 pages/cpu @ffff88003fc00000 s99544 r8192 d31528 u1048576
[    0.000000] PV qspinlock hash table entries: 256 (order: 0, 4096 bytes)
[    0.000000] Built 1 zonelists in Node order, mobility grouping on.  Total pages: 257912
[    0.000000] Policy zone: DMA32
[    0.000000] Kernel command line: BOOT_IMAGE=/boot/vmlinuz-4.4.0-135-generic root=LABEL=cloudimg-rootfs ro console=tty1 console=ttyS0
[    0.000000] PID hash table entries: 4096 (order: 3, 32768 bytes)
[    0.000000] AGP: Checking aperture...
[    0.000000] AGP: No AGP bridge found
[    0.000000] Memory: 997720K/1048120K available (8554K kernel code, 1314K rwdata, 4004K rodata, 1516K init, 1316K bss, 50400K reserved, 0K cma-reserved)
[    0.000000] SLUB: HWalign=64, Order=0-3, MinObjects=0, CPUs=2, Nodes=1
[    0.000000] Hierarchical RCU implementation.
[    0.000000] 	Build-time adjustment of leaf fanout to 64.
[    0.000000] 	RCU restricting CPUs from NR_CPUS=512 to nr_cpu_ids=2.
[    0.000000] RCU: Adjusting geometry for rcu_fanout_leaf=64, nr_cpu_ids=2
[    0.000000] NR_IRQS:33024 nr_irqs:440 16
[    0.000000] Console: colour VGA+ 80x25
[    0.000000] console [tty1] enabled
[    0.000000] console [ttyS0] enabled
[    0.000000] tsc: Detected 2009.136 MHz processor
[    0.000000] tsc: Marking TSC unstable due to TSCs unsynchronized
[    0.004000] Calibrating delay loop (skipped) preset value.. 4018.27 BogoMIPS (lpj=8036544)
[    0.004459] pid_max: default: 32768 minimum: 301
[    0.011361] ACPI: Core revision 20150930
[    0.021973] ACPI: 2 ACPI AML tables successfully acquired and loaded
[    0.025147] Security Framework initialized
[    0.027970] Yama: becoming mindful.
[    0.031968] AppArmor: AppArmor initialized
[    0.035842] Dentry cache hash table entries: 131072 (order: 8, 1048576 bytes)
[    0.035967] Inode-cache hash table entries: 65536 (order: 7, 524288 bytes)
[    0.042277] Mount-cache hash table entries: 2048 (order: 2, 16384 bytes)
[    0.049094] Mountpoint-cache hash table entries: 2048 (order: 2, 16384 bytes)
[    0.057573] Initializing cgroup subsys io
[    0.060306] Initializing cgroup subsys memory
[    0.063662] Initializing cgroup subsys devices
[    0.064035] Initializing cgroup subsys freezer
[    0.068776] Initializing cgroup subsys net_cls
[    0.072395] Initializing cgroup subsys perf_event
[    0.074952] Initializing cgroup subsys net_prio
[    0.080282] Initializing cgroup subsys hugetlb
[    0.083144] Initializing cgroup subsys pids
[    0.084259] mce: CPU supports 0 MCE banks
[    0.088089] process: using AMD E400 aware idle routine
[    0.092033] Last level iTLB entries: 4KB 512, 2MB 8, 4MB 4
[    0.096025] Last level dTLB entries: 4KB 512, 2MB 8, 4MB 4, 1GB 0
[    0.100026] Spectre V2 : LFENCE not serializing. Switching to generic retpoline
[    0.104031] Spectre V2 : Mitigation: Full generic retpoline
[    0.108024] Spectre V2 : Speculation control IBPB not-supported IBRS not-supported
[    0.112024] Spectre V2 : Filling RSB on context switch
[    0.126479] Freeing SMP alternatives memory: 32K
[    0.158379] ftrace: allocating 32266 entries in 127 pages
[    0.192320] smpboot: APIC(0) Converting physical 0 to logical package 0
[    0.196030] smpboot: Max logical packages: 1
[    0.200847] x2apic enabled
[    0.204026] Switched APIC routing to physical x2apic.
[    0.214808] ..TIMER: vector=0x30 apic1=0 pin1=2 apic2=-1 pin2=-1
[    0.220000] smpboot: CPU0: AMD Athlon(tm) 64 X2 Dual Core Processor 3800+ (family: 0xf, model: 0x43, stepping: 0x2)
[    0.229832] Performance Events: Broken PMU hardware detected, using software events only.
[    0.236000] Failed to access perfctr msr (MSR c0010007 is 0)
[    0.240100] KVM setup paravirtual spinlock
[    0.250562] x86: Booting SMP configuration:
[    0.252033] .... node  #0, CPUs:      #1
[    0.004000] kvm-clock: cpu 1, msr 0:3ffe3041, secondary cpu clock
[    0.004000] mce: CPU supports 0 MCE banks
[    0.277236] x86: Booted up 1 node, 2 CPUs
[    0.280020] smpboot: Total of 2 processors activated (8036.54 BogoMIPS)
[    0.285838] devtmpfs: initialized
[    0.295912] evm: security.selinux
[    0.296019] evm: security.SMACK64
[    0.300017] evm: security.SMACK64EXEC
[    0.304017] evm: security.SMACK64TRANSMUTE
[    0.308017] evm: security.SMACK64MMAP
[    0.311164] evm: security.ima
[    0.312017] evm: security.capability
[    0.321252] clocksource: jiffies: mask: 0xffffffff max_cycles: 0xffffffff, max_idle_ns: 7645041785100000 ns
[    0.324443] futex hash table entries: 512 (order: 3, 32768 bytes)
[    0.333078] pinctrl core: initialized pinctrl subsystem
[    0.336326] RTC time: 21:51:40, date: 10/25/18
[    0.340940] NET: Registered protocol family 16
[    0.356036] cpuidle: using governor ladder
[    0.368033] cpuidle: using governor menu
[    0.371376] PCCT header not found.
[    0.372658] ACPI: bus type PCI registered
[    0.376022] acpiphp: ACPI Hot Plug PCI Controller Driver version: 0.5
[    0.380239] PCI: Using configuration type 1 for base access
[    0.397775] ACPI: Added _OSI(Module Device)
[    0.404926] ACPI: Added _OSI(Processor Device)
[    0.407055] ACPI: Added _OSI(3.0 _SCP Extensions)
[    0.411730] ACPI: Added _OSI(Processor Aggregator Device)
[    0.417204] ACPI: Executed 1 blocks of module-level executable AML code
[    0.435125] ACPI: Interpreter enabled
[    0.436040] ACPI: (supports S0 S5)
[    0.440018] ACPI: Using IOAPIC for interrupt routing
[    0.444393] PCI: Using host bridge windows from ACPI; if necessary, use "pci=nocrs" and report a bug
[    0.457261] ACPI: PCI Root Bridge [PCI0] (domain 0000 [bus 00-ff])
[    0.460035] acpi PNP0A03:00: _OSC: OS supports [ASPM ClockPM Segments MSI]
[    0.464068] acpi PNP0A03:00: _OSC: not requesting OS control; OS requires [ExtendedConfig ASPM ClockPM MSI]
[    0.472070] acpi PNP0A03:00: fail to add MMCONFIG information, can't access extended PCI configuration space under this bridge.
[    0.476578] PCI host bridge to bus 0000:00
[    0.480024] pci_bus 0000:00: root bus resource [io  0x0000-0x0cf7 window]
[    0.484023] pci_bus 0000:00: root bus resource [io  0x0d00-0xffff window]
[    0.492072] pci_bus 0000:00: root bus resource [mem 0x000a0000-0x000bffff window]
[    0.496022] pci_bus 0000:00: root bus resource [mem 0x40000000-0xfdffffff window]
[    0.500024] pci_bus 0000:00: root bus resource [bus 00-ff]
[    0.509243] pci 0000:00:01.1: legacy IDE quirk: reg 0x10: [io  0x01f0-0x01f7]
[    0.512000] pci 0000:00:01.1: legacy IDE quirk: reg 0x14: [io  0x03f6]
[    0.516016] pci 0000:00:01.1: legacy IDE quirk: reg 0x18: [io  0x0170-0x0177]
[    0.520263] pci 0000:00:01.1: legacy IDE quirk: reg 0x1c: [io  0x0376]
[    0.612430] pci 0000:00:07.0: quirk: [io  0x4000-0x403f] claimed by PIIX4 ACPI
[    0.616051] pci 0000:00:07.0: quirk: [io  0x4100-0x410f] claimed by PIIX4 SMB
[    0.667093] ACPI: PCI Interrupt Link [LNKA] (IRQs 5 9 10 *11)
[    0.673637] ACPI: PCI Interrupt Link [LNKB] (IRQs 5 9 *10 11)
[    0.680233] ACPI: PCI Interrupt Link [LNKC] (IRQs 5 *9 10 11)
[    0.692554] ACPI: PCI Interrupt Link [LNKD] (IRQs 5 9 10 *11)
[    0.719976] ACPI: Enabled 2 GPEs in block 00 to 07
[    0.727084] vgaarb: setting as boot device: PCI:0000:00:02.0
[    0.728000] vgaarb: device added: PCI:0000:00:02.0,decodes=io+mem,owns=io+mem,locks=none
[    0.728028] vgaarb: loaded
[    0.732025] vgaarb: bridge control possible 0000:00:02.0
[    0.741861] SCSI subsystem initialized
[    0.745167] ACPI: bus type USB registered
[    0.752892] usbcore: registered new interface driver usbfs
[    0.756242] usbcore: registered new interface driver hub
[    0.764771] usbcore: registered new device driver usb
[    0.773840] PCI: Using ACPI for IRQ routing
[    0.777330] NetLabel: Initializing
[    0.780028] NetLabel:  domain hash size = 128
[    0.784000] NetLabel:  protocols = UNLABELED CIPSOv4
[    0.788266] NetLabel:  unlabeled traffic allowed by default
[    0.792581] amd_nb: Cannot enumerate AMD northbridges
[    0.812091] clocksource: Switched to clocksource kvm-clock
[    0.844899] AppArmor: AppArmor Filesystem Enabled
[    0.849218] pnp: PnP ACPI init
[    0.853558] pnp: PnP ACPI: found 3 devices
[    0.889336] clocksource: acpi_pm: mask: 0xffffff max_cycles: 0xffffff, max_idle_ns: 2085701024 ns
[    0.896990] NET: Registered protocol family 2
[    0.902409] TCP established hash table entries: 8192 (order: 4, 65536 bytes)
[    0.908572] TCP bind hash table entries: 8192 (order: 5, 131072 bytes)
[    0.912003] TCP: Hash tables configured (established 8192 bind 8192)
[    0.915985] UDP hash table entries: 512 (order: 2, 16384 bytes)
[    0.919909] UDP-Lite hash table entries: 512 (order: 2, 16384 bytes)
[    0.923887] NET: Registered protocol family 1
[    0.927850] pci 0000:00:00.0: Limiting direct PCI/PCI transfers
[    0.931853] pci 0000:00:01.0: Activating ISA DMA hang workarounds
[    0.947021] Unpacking initramfs...
[    1.545372] Freeing initrd memory: 14796K
[    1.551708] platform rtc_cmos: registered platform RTC device (no PNP device found)
[    1.566225] clocksource: tsc: mask: 0xffffffffffffffff max_cycles: 0x1cf5e4c70c9, max_idle_ns: 440795301512 ns
[    1.569287] Scanning for low memory corruption every 60 seconds
[    1.570501] audit: initializing netlink subsys (disabled)
[    1.570605] audit: type=2000 audit(1540504302.987:1): initialized
[    1.571610] Initialise system trusted keyring
[    1.572500] HugeTLB registered 2 MB page size, pre-allocated 0 pages
[    1.576146] zbud: loaded
[    1.576146] VFS: Disk quotas dquot_6.6.0
[    1.576146] VFS: Dquot-cache hash table entries: 512 (order 0, 4096 bytes)
[    1.576146] squashfs: version 4.0 (2009/01/31) Phillip Lougher
[    1.576146] fuse init (API version 7.23)
[    1.576146] Key type big_key registered
[    1.583148] Allocating IMA MOK and blacklist keyrings.
[    1.586518] Key type asymmetric registered
[    1.586539] Asymmetric key parser 'x509' registered
[    1.586664] Block layer SCSI generic (bsg) driver version 0.4 loaded (major 249)
[    1.586817] io scheduler noop registered
[    1.586825] io scheduler deadline registered (default)
[    1.586917] io scheduler cfq registered
[    1.587165] pci_hotplug: PCI Hot Plug PCI Core version: 0.5
[    1.587187] pciehp: PCI Express Hot Plug Controller Driver version: 0.4
[    1.587441] ACPI: AC Adapter [AC] (on-line)
[    1.587586] input: Power Button as /devices/LNXSYSTM:00/LNXPWRBN:00/input/input0
[    1.587596] ACPI: Power Button [PWRF]
[    1.587710] input: Sleep Button as /devices/LNXSYSTM:00/LNXSLPBN:00/input/input1
[    1.587717] ACPI: Sleep Button [SLPF]
[    1.594485] GHES: HEST is not enabled!
[    1.594724] Serial: 8250/16550 driver, 32 ports, IRQ sharing enabled
[    1.629289] 00:02: ttyS0 at I/O 0x3f8 (irq = 4, base_baud = 115200) is a 16550A
[    1.637407] Linux agpgart interface v0.103
[    1.657705] loop: module loaded
[    1.661710] scsi host0: ata_piix
[    1.662409] scsi host1: ata_piix
[    1.662545] ata1: PATA max UDMA/33 cmd 0x1f0 ctl 0x3f6 bmdma 0xd000 irq 14
[    1.662545] ata2: PATA max UDMA/33 cmd 0x170 ctl 0x376 bmdma 0xd008 irq 15
[    1.663035] libphy: Fixed MDIO Bus: probed
[    1.663104] tun: Universal TUN/TAP device driver, 1.6
[    1.663104] tun: (C) 1999-2004 Max Krasnyansky <maxk@qualcomm.com>
[    1.665569] PPP generic driver version 2.4.2
[    1.665873] ehci_hcd: USB 2.0 'Enhanced' Host Controller (EHCI) Driver
[    1.665873] ehci-pci: EHCI PCI platform driver
[    1.666384] ehci-platform: EHCI generic platform driver
[    1.666450] ohci_hcd: USB 1.1 'Open' Host Controller (OHCI) Driver
[    1.666489] ohci-pci: OHCI PCI platform driver
[    1.666489] ohci-platform: OHCI generic platform driver
[    1.666585] uhci_hcd: USB Universal Host Controller Interface driver
[    1.666875] i8042: PNP: PS/2 Controller [PNP0303:PS2K,PNP0f03:PS2M] at 0x60,0x64 irq 1,12
[    1.668759] serio: i8042 KBD port at 0x60,0x64 irq 1
[    1.668829] serio: i8042 AUX port at 0x60,0x64 irq 12
[    1.669394] mousedev: PS/2 mouse device common for all mice
[    1.671850] input: AT Translated Set 2 keyboard as /devices/platform/i8042/serio0/input/input2
[    1.673231] rtc_cmos rtc_cmos: rtc core: registered rtc_cmos as rtc0
[    1.673425] rtc_cmos rtc_cmos: alarms up to one day, 114 bytes nvram
[    1.673444] i2c /dev entries driver
[    1.673579] device-mapper: uevent: version 1.0.3
[    1.673770] device-mapper: ioctl: 4.34.0-ioctl (2015-10-28) initialised: dm-devel@redhat.com
[    1.673817] ledtrig-cpu: registered to indicate activity on CPUs
[    1.674817] NET: Registered protocol family 10
[    1.675534] NET: Registered protocol family 17
[    1.675578] Key type dns_resolver registered
[    1.681498] registered taskstats version 1
[    1.681543] Loading compiled-in X.509 certificates
[    1.693351] Loaded X.509 cert 'Build time autogenerated kernel key: b7189ebc996fd79c52efc1226b6676b25e4f6a2d'
[    1.693447] zswap: loaded using pool lzo/zbud
[    1.725800] Key type trusted registered
[    1.811005] Key type encrypted registered
[    1.811033] AppArmor: AppArmor sha1 policy hashing enabled
[    1.811073] ima: No TPM chip found, activating TPM-bypass!
[    1.811090] ima: Allocated hash algorithm: sha1
[    1.811154] evm: HMAC attrs: 0x1
[    1.812298]   Magic number: 6:472:905
[    1.840596] rtc_cmos rtc_cmos: setting system clock to 2018-10-25 21:51:42 UTC (1540504302)
[    1.841356] powernow_k8: Power state transitions not supported
[    1.852531] powernow_k8: Power state transitions not supported
[    1.856358] BIOS EDD facility v0.16 2004-Jun-25, 0 devices found
[    1.856365] EDD information not available.
[    2.177452] Freeing unused kernel memory: 1516K
[    2.192253] Write protecting the kernel read-only data: 14336k
[    2.218853] Freeing unused kernel memory: 1672K
[    2.223268] Freeing unused kernel memory: 92K
Loading, please wait...
starting version 229
[    2.549974] random: systemd-udevd: uninitialized urandom read (16 bytes read, 3 bits of entropy available)
[    2.568491] random: udevadm: uninitialized urandom read (16 bytes read, 3 bits of entropy available)
[    2.568557] random: udevadm: uninitialized urandom read (16 bytes read, 3 bits of entropy available)
[    2.624919] random: systemd-udevd: uninitialized urandom read (16 bytes read, 3 bits of entropy available)
[    2.678964] random: udevadm: uninitialized urandom read (16 bytes read, 3 bits of entropy available)
[    2.680012] random: udevadm: uninitialized urandom read (16 bytes read, 3 bits of entropy available)
[    2.680012] random: udevadm: uninitialized urandom read (16 bytes read, 3 bits of entropy available)
[    2.680013] random: udevadm: uninitialized urandom read (16 bytes read, 3 bits of entropy available)
[    2.680013] random: udevadm: uninitialized urandom read (16 bytes read, 3 bits of entropy available)
[    2.680013] random: udevadm: uninitialized urandom read (16 bytes read, 3 bits of entropy available)
[    3.309326] e1000: Intel(R) PRO/1000 Network Driver - version 7.3.21-k8-NAPI
[    3.341133] e1000: Copyright (c) 1999-2006 Intel Corporation.
[    3.581252] Fusion MPT base driver 3.04.20
[    3.702491] Copyright (c) 1999-2008 LSI Corporation
[    3.803021] Fusion MPT SPI Host driver 3.04.20
[    4.022963] input: ImExPS/2 Generic Explorer Mouse as /devices/platform/i8042/serio1/input/input4
[    4.311213] e1000 0000:00:03.0 eth0: (PCI:33MHz:32-bit) 02:fb:a8:4c:29:d0
[    4.329386] e1000 0000:00:03.0 eth0: Intel(R) PRO/1000 Network Connection
[    5.261103] e1000 0000:00:08.0 eth1: (PCI:33MHz:32-bit) 08:00:27:b4:b4:52
[    5.284268] e1000 0000:00:08.0 eth1: Intel(R) PRO/1000 Network Connection
[    5.317632] mptbase: ioc0: Initiating bringup
[    5.320158] e1000 0000:00:08.0 enp0s8: renamed from eth1
[    5.377103] e1000 0000:00:03.0 enp0s3: renamed from eth0
[    5.468513] ioc0: LSI53C1030 A0: Capabilities={Initiator}
[    6.316401] scsi host2: ioc0: LSI53C1030 A0, FwRev=00000000h, Ports=1, MaxQ=256, IRQ=20
[    6.507212] scsi 2:0:0:0: Direct-Access     VBOX     HARDDISK         1.0  PQ: 0 ANSI: 5
[    6.577267] scsi target2:0:0: Beginning Domain Validation
[    6.640000] scsi target2:0:0: Domain Validation skipping write tests
[    6.677156] scsi target2:0:0: Ending Domain Validation
[    6.705467] scsi target2:0:0: asynchronous
[    6.724871] scsi 2:0:1:0: Direct-Access     VBOX     HARDDISK         1.0  PQ: 0 ANSI: 5
[    8.240608] scsi target2:0:1: Beginning Domain Validation
[    8.251907] scsi target2:0:1: Domain Validation skipping write tests
[    8.257514] scsi target2:0:1: Ending Domain Validation
[    8.303641] scsi target2:0:1: asynchronous
[    8.356284] sd 2:0:0:0: [sda] 20971520 512-byte logical blocks: (10.7 GB/10.0 GiB)
[    8.412688] sd 2:0:0:0: Attached scsi generic sg0 type 0
[    8.467636] sd 2:0:1:0: Attached scsi generic sg1 type 0
[    8.468637] sd 2:0:0:0: [sda] Write Protect is off
[    8.520946] sd 2:0:1:0: [sdb] 20480 512-byte logical blocks: (10.5 MB/10.0 MiB)
[    8.525063] sd 2:0:0:0: [sda] Incomplete mode parameter data
[    8.525071] sd 2:0:0:0: [sda] Assuming drive cache: write through
[    8.539924]  sda: sda1
[    8.545314] sd 2:0:0:0: [sda] Attached SCSI disk
[    8.553133] sd 2:0:1:0: [sdb] Write Protect is off
[    8.563825] sd 2:0:1:0: [sdb] Incomplete mode parameter data
[    8.576169] sd 2:0:1:0: [sdb] Assuming drive cache: write through
[    8.596292] sd 2:0:1:0: [sdb] Attached SCSI disk
Begin: Loading essential drivers ... [   11.480366] md: linear personality registered for level -1
[   11.555743] md: multipath personality registered for level -4
[   11.615188] md: raid0 personality registered for level 0
[   11.656444] md: raid1 personality registered for level 1
[   11.772270] raid6: sse2x1   gen()  1531 MB/s
[   11.848256] raid6: sse2x1   xor()  2068 MB/s
[   11.925288] raid6: sse2x2   gen()  2980 MB/s
[   12.029817] raid6: sse2x2   xor()   888 MB/s
[   12.148017] raid6: sse2x4   gen()  3077 MB/s
[   12.280100] raid6: sse2x4   xor()  1432 MB/s
[   12.289161] raid6: using algorithm sse2x4 gen() 3077 MB/s
[   12.299077] raid6: .... xor() 1432 MB/s, rmw enabled
[   12.304129] raid6: using intx1 recovery algorithm
[   12.329322] xor: measuring software checksum speed
[   12.372104]    prefetch64-sse:  5329.000 MB/sec
[   12.450886]    generic_sse: 13549.000 MB/sec
[   12.454516] xor: using function: generic_sse (13549.000 MB/sec)
[   12.462213] async_tx: api initialized (async)
[   12.559021] md: raid6 personality registered for level 6
[   12.568153] md: raid5 personality registered for level 5
[   12.578109] md: raid4 personality registered for level 4
[   12.698097] md: raid10 personality registered for level 10
done.
Begin: Running /scripts/init-premount ... done.
Begin: Mounting root file system ... Begin: Running /scripts/local-top ... done.
Begin: Running /scripts/local-premount ... [   12.924722] Btrfs loaded
Scanning for Btrfs filesystems
done.
Warning: fsck not present, so sk[   13.468166] EXT4-fs (sda1): mounted filesystem with ordered data mode. Opts: (null)
ipping root file system
done.
Begin: Running /scripts/local-bottom ... done.
Begin: Running /scripts/init-bottom ... done.
[   14.143960] systemd[1]: systemd 229 running in system mode. (+PAM +AUDIT +SELINUX +IMA +APPARMOR +SMACK +SYSVINIT +UTMP +LIBCRYPTSETUP +GCRYPT +GNUTLS +ACL +XZ -LZ4 +SECCOMP +BLKID +ELFUTILS +KMOD -IDN)
[   14.158393] systemd[1]: Detected virtualization oracle.
[   14.223273] systemd[1]: Detected architecture x86-64.

Welcome to [1mUbuntu 16.04.5 LTS[0m!

[  129441] stem[1 S hostname to <servidorproxy>.
[   15.821487] random: nonblocking pool is initialized
[   16.577961] systemd[1]: Listening on Journal Audit Socket.
[[0;32m  OK  [0m] Listening on Journal Audit Socket.
[ 161504] std[: reat sceysm Slce

[[0;32m  OK  [0m] Created slice System Slice.
[   19.629715] systemd[1]: Created slice system-serial\x2dgetty.slice.
[[0;32m  OK  [0m] Created slice system-serial\x2dgetty.slice.
[  170194] syte[1: Litenin o /de/itc Cpaibility Named Pipe.
[[0;32m  OK  [0m] Listening on /dev/initctl Compatibility Named Pipe.
[   22.236183] systemd[1]: Listening on LVM2 poll daemon socket.
[[0;32m  OK  [0m] Listening on LVM2 poll daemon socket.
[   22.248207] systemd[1]: Listening on LVM2 metadata daemon socket.
[[0;32m  OK  [0m] Listening on LVM2 metadata daemon socket.
[   22.262034] systemd[1]: Created slice User and Session Slice.
[[0;32m  OK  [0m] Created slice User and Session Slice.
[   22.275118] systemd[1]: Started Forward Password Requests to Wall Directory Watch.
[[0;32m  OK  [0m] Started Forward Password Requests to Wall Directory Watch.
[   22.290386] systemd[1]: Reached target Swap.
[[0;32m  OK  [0m] Reached target Swap.
[   22.298921] systemd[1]: Listening on udev Control Socket.
[[0;32m  OK  [0m] Listening on udev Control Socket.
[   22.318040] systemd[1]: Reached target Encrypted Volumes.
[[0;32m  OK  [0m] Reached target Encrypted Volumes.
[   22.371559] systemd[1]:et up automount Arbitrary Executable File Formats File System Automount Point.

[[0;32m  OK  [0m] Set up automount Arbitrary Executab...ats File System Automount Point.
[   22.631262] systemd[1]: Reached target System Time Synchronized.
[[0;32m  OK  [0m] Reached target System Time Synchronized.
[   22.641908] systemd[1]: Listening on Journal Socket.
[[0;32m  OK  [0m] Listening on Journal Socket.
[   22.681783] systemd[1]: Mounting Huge Pages File System...
         Mounting Huge Pages File System...
[   22.726554] systemd[1]: Mounting Debug File System...
         Mounting Debug File System...
[   22.753258] systemd[1]: Starting Uncomplicated firewall...
         Starting Uncomplicated firewall...
[   22.813354] systemd[1]: Starting Create list of required static device nodes for the current kernel...
         Starting Create list of required st... nodes for the current kernel...
[   22.865882] systemd[1]: Starting Load Kernel Modules...
         Starting Load Kernel Modules...
[   22.907824] systemd[1]: Listening on udev Kernel Socket.
[[0;32m  OK  [0m] Listening on udev Kernel Socket.
[   22.992826] systemd[1]: Mounting POSIX Message Queue File System...
         Mountin[   23.024986] Loading iSCSI transport class v2.0-870.
g POSIX Message Queue File Syste[   23.057183] iscsi: registered transport (tcp)
m...
[   23.086631] systemd[1]: Started Trigger resolvconf update for networkd DNS.
[[0;32m  OK  [0m] Started Trigger resolvconf update for networkd DNS.
[   23.187084] systemd[1]: Starting Remount Root and Kernel File Systems...
         Starting Remount Root and Kernel File Systems...
[   23.220375] systemd[1]: Reached target Slices.
[[0;32m  OK  [0m] Reached target Slices.
[   23.289421] EXT4-fs (sda1): re-mounted. Opts: (null)
[   23.297489] systemd[1]: Listening on Syslog Socket.
[[0;32m  OK  [0m] Listening on Syslog Socket.
[   23.307331] systemd[1]: Listening on Journal Socket (/dev/log).
[[0;32m  OK  [0m] Listening on Journal Socket (/dev/log).
[   23.398829] systemd[1]: Starting Journal Service...
         Starting Journal Service...
[   23.431478] systemd[1]: Starting Set console keymap...
         Starting Set console keymap...
[   23.448228] systemd[1]: Listening on Device-mapper event daemon FIFOs.
[[0;32m  OK  [0m] Listening on Device-mapper event daemon FIFOs.
[   23.499587] systemd[1]: Starting Monitoring of LVM2 mirrors, snapshots etc. using dmeventd or progress polling...
         Starting Monitoring of LVM2 mirrors... dmeventd or progress polling...
[   23.601818] systemd[1]: Starting Nameserver information manager...
         Starting Nameserver information manager...
[   23.699047] systemd[1]: Reached target User and Group Name Lookups.
[[0;32m  OK  [0m] Reached target User and Group Name Lookups.
[   23.789841] systemd[1]: Mounted POSIX Message Queue File System.
[[0;32m  OK  [0m] Mounted POSIX Message Queue File System.
[   23.829853] systemd[1]: Mounted Debug File System.
[[0;32m  OK  [0m] Mounted Debug File System.
[   23.840655] systemd[1]: Mounted Huge Pages File System.
[[0;32m  OK  [0m] Mounted Huge Pages File System.
[   23.875208] systemd[1]: Started Uncomplicated firewall.
[[0;32m  OK  [0m] Started Uncomplicated firewall.
[   23.913161] systemd[1]: Started Create list of required static device nodes for the current kernel.
[   23.915233] iscsi: registered transport (iser)
[[0;32m  OK  [0m] Started Create list of required sta...ce nodes for the current kernel.
[   23.946926] systemd[1]: Started Remount Root and Kernel File Systems.
[[0;32m  OK  [0m] Started Remount Root and Kernel File Systems.
[   24.030519] systemd[1]: Started Load Kernel Modules.
[[0;32m  OK  [0m] Started Load Kernel Modules.
[   24.137751] systemd[1]: Started Nameserver information manager.
[[0;32m  OK  [0m] Started Nameserver information manager.
[   24.298303] systemd[1]: Started Set console keymap.
[[0;32m  OK  [0m] Started Set console keymap.
[   24.356481] systemd[1]: Started Journal Service.
[[0;32m  OK  [0m] Started Journal Service.
[[0;32m  OK  [0m] Started LVM2 metadata daemon.
         Mounting FUSE Control File System...
         Starting Apply Kernel Variables...
         Starting Flush Journal to Persistent Storage...
         Starting Load/Save Random Seed...
         Starting udev Coldplug all Devices...
         Starting Create Static Device Nodes in /dev...
[[0;32m  OK  [0m] Mounted FUSE Control File System.
[[0;32m  OK  [0m] Started Monitoring of LVM2 mirrors,...ng dmeventd or progress polling.
[[0;32m  OK  [0m] Started Apply Kernel Variables.
[[0;32m  OK  [0m] Started Load/Save Random Seed.
[[0;32m  OK  [0m] Started Create Static Device Nodes in /dev.
[[0;32m  OK  [0m] Started Flush Journal to Persistent Storage.
         Starting udev Kernel Device Manager...
[[0;32m  OK  [0m] Started udev Coldplug all Devices.
[[0;32m  OK  [0m] Started udev Kernel Device Manager.
[[0;32m  OK  [0m] Started Dispatch Password Requests to Console Directory Watch.
[[0;32m  OK  [0m] Reached target Local File Systems (Pre).
[[0;32m  OK  [0m] Reached target Local File Systems.
         Starting Initial cloud-init job (pre-networking)...
         Starting Set console font and keymap...
         Starting Tell Plymouth To Write Out Runtime Data...
         Starting Create Volatile Files and Directories...
         Starting LSB: AppArmor initialization...
[[0;32m  OK  [0m] Started Tell Plymouth To Write Out Runtime Data.
[[0;32m  OK  [0m] Started Create Volatile Files and Directories.
         Starting Update UTMP about System Boot/Shutdown...
[[0;32m  OK  [0m] Started Update UTMP about System Boot/Shutdown.
         Starting LSB: Squid HTTP Proxy version 3.x...
[[0;32m  OK  [0m] Found device /dev/ttyS0.
[[0;32m  OK  [0m] Listening on Load/Save RF Kill Switch Status /dev/rfkill Watch.
[[0;32m  OK  [0m] Started LSB: AppArmor initialization.
[[0;32m  OK  [0m] Started LSB: Squid HTTP Proxy version 3.x.
[   35.318509] cloud-init[473]: Cloud-init v. 18.3-9-g2e62cb8a-0ubuntu1~16.04.2 running 'init-local' at Thu, 25 Oct 2018 21:52:12 +0000. Up 32.06 seconds.
[[0;32m  OK  [0m] Found device 82540EM Gigabit Ethern...r (PRO/1000 MT Desktop Adapter).
[[0;32m  OK  [0m] Found device 82540EM Gigabit Ethern...r (PRO/1000 MT Desktop Adapter).
[[0;32m  OK  [0m] Started Initial cloud-init job (pre-networking).
[[0;32m  OK  [0m] Started Set console font and keymap.
[[0;32m  OK  [0m] Created slice system-getty.slice.
[[0;32m  OK  [0m] Reached target Network (Pre).
[[0;32m  OK  [0m] Started ifup for enp0s3.
         Starting Raise network interfaces...
[[0;32m  OK  [0m] Started ifup for enp0s8.
[[0;32m  OK  [0m] Started Raise network interfaces.
[[0;32m  OK  [0m] Reached target Network.
         Starting Initial cloud-init job (metadata service crawler)...
[   45.372636] cloud-init[1138]: Cloud-init v. 18.3-9-g2e62cb8a-0ubuntu1~16.04.2 running 'init' at Thu, 25 Oct 2018 21:52:24 +0000. Up 43.41 seconds.
[   45.485524] cloud-init[1138]: ci-info: ++++++++++++++++++++++++++++++++++++++Net device info+++++++++++++++++++++++++++++++++++++++
[   45.517346] cloud-init[1138]: ci-info: +--------+------+-----------------------------+---------------+--------+-------------------+
[   45.550129] cloud-init[1138]: ci-info: | Device |  Up  |           Address           |      Mask     | Scope  |     Hw-Address    |
[   45.566399] cloud-init[1138]: ci-info: +--------+------+-----------------------------+---------------+--------+-------------------+
[   45.582276] cloud-init[1138]: ci-info: | enp0s3 | True |          10.0.2.15          | 255.255.255.0 | global | 02:fb:a8:4c:29:d0 |
[   45.601588] cloud-init[1138]: ci-info: | enp0s3 | True |  fe80::fb:a8ff:fe4c:29d0/64 |       .       |  link  | 02:fb:a8:4c:29:d0 |
[   45.619050] cloud-init[1138]: ci-info: | enp0s8 | True |        192.168.0.120        | 255.255.255.0 | global | 08:00:27:b4:b4:52 |
[   45.628180] cloud-init[1138]: ci-info: | enp0s8 | True | fe80::a00:27ff:feb4:b452/64 |       .       |  link  | 08:00:27:b4:b4:52 |
[   45.637838] cloud-init[1138]: ci-info: |   lo   | True |          127.0.0.1          |   255.0.0.0   |  host  |         .         |
[   45.674117] cloud-init[1138]: ci-info: |   lo   | True |           ::1/128           |       .       |  host  |         .         |
[   45.690511] cloud-init[1138]: ci-info: +--------+------+-----------------------------+---------------+--------+-------------------+
[   45.828964] cloud-init[1138]: ci-info: +++++++++++++++++++++++++++Route IPv4 info++++++++++++++++++++++++++++
[[0;32m  OK  [0m] Started Initial cloud-init job (metadata service crawler).
[[0;32m  OK  [0m] Reached target System Initialization.
[[0;32m  OK  [0m] Started Daily apt download activities.
[[0;32m  OK  [0m] Listening on D-Bus System Message Bus Socket.
[[0;32m  OK  [0m] Started Daily Cleanup of Temporary Directories.
[   45.830281] cloud-init[1138]: ci-info: +-------+-------------+----------+---------------+-----------+-------+
[   46.081429] cloud-init[1138]: ci-info: | Route | Destination | Gateway  |    Genmask    | Interface | Flags |
[   46.109875] cloud-init[1138]: ci-info: +-------+-------------+----------+---------------+-----------+-------+
[   46.118884] cloud-init[1138]: ci-info: |   0   |   0.0.0.0   | 10.0.2.2 |    0.0.0.0    |   enp0s3  |   UG  |
[   46.119029] cloud-init[1138]: ci-info: |   1   |   10.0.2.0  | 0.0.0.0  | 255.255.255.0 |   enp0s3  |   U   |
[[0;32m  OK  [0m] Started ACPI Events Check.
[[0;32m  OK  [0m] Reached target Paths.
[   46.119424] cloud-init[1138]: ci-info: |   2   | 192.168.0.0 | 0.0.0.0  | 255.255.255.0 |   enp0s8  |   U   |
[   46.257667] cloud-init[1138]: ci-info: +-------+-------------+----------+---------------+-----------+-------+
[   46.289429] cloud-init[1138]: ci-info: +++++++++++++++++++Route IPv6 info+++++++++++++++++++
[   46.320814] cloud-init[1138]: ci-info: +-------+-------------+---------+-----------+-------+
[   46.345150] cloud-init[1138]: ci-info: | Route | Destination | Gateway | Interface | Flags |
[   46.408340] cloud-init[1138]: ci-info: +-------+-------------+---------+-----------+-------+
[   46.409116] cloud-init[1138]: ci-info: |   0   |  fe80::/64  |    ::   |   enp0s3  |   U   |
         Starting LXD - unix socket.
[   46.409409] cloud-init[1138]: ci-info: |   1   |  fe80::/64  |    ::   |   enp0s8  |   U   |
[   46.685653] cloud-init[1138]: ci-info: |   6   |   ff00::/8  |    ::   |   enp0s3  |   U   |
         Starting Socket activation for snappy daemon.
[   46.780193] cloud-init[1138]: ci-info: |   7   |   ff00::/8  |    ::   |   enp0s8  |   U   |
[   46.877558] cloud-init[1138]: ci-info: +-------+-------------+---------+-----------+-------+
[[0;32m  OK  [0m] Started Daily apt upgrade and clean activities.
[[0;32m  OK  [0m] Reached target Timers.
[[0;32m  OK  [0m] Listening on UUID daemon activation socket.
[[0;32m  OK  [0m] Listening on ACPID Listen Socket.
[[0;32m  OK  [0m] Reached target Network is Online.
         Starting iSCSI initiator daemon (iscsid)...
[[0;32m  OK  [0m] Reached target Cloud-config availability.
[[0;32m  OK  [0m] Listening on LXD - unix socket.
[[0;32m  OK  [0m] Listening on Socket activation for snappy daemon.
[[0;32m  OK  [0m] Started iSCSI initiator daemon (iscsid).
         Starting Login to default iSCSI targets...
[[0;32m  OK  [0m] Reached target Sockets.
[[0;32m  OK  [0m] Reached target Basic System.
         Starting Accounts Service...
         Starting Login Service...
         Starting LSB: MD monitoring daemon...
         Starting LXD - container startup/shutdown...
[[0;32m  OK  [0m] Started Regular background program processing daemon.
[[0;32m  OK  [0m] Started Unattended Upgrades Shutdown.
         Starting System Logging Service...
[[0;32m  OK  [0m] Started Deferred execution scheduler.
         Starting Snappy daemon...
[[0;32m  OK  [0m] Started D-Bus System Message Bus.
         Starting OpenBSD Secure Shell server...
[[0;32m  OK  [0m] Started ACPI event daemon.
[[0;32m  OK  [0m] Started FUSE filesystem for LXC.
         Starting LSB: Record successful boot for GRUB...
         Starting Virtualbox guest utils...
         Starting /etc/rc.local Compatibility...
[[0;32m  OK  [0m] Started System Logging Service.
[[0;32m  OK  [0m] Started LXD - container startup/shutdown.
[[0;32m  OK  [0m] Started /etc/rc.local Compatibility.
[[0;32m  OK  [0m] Started OpenBSD Secure Shell server.
[[0;32m  OK  [0m] Started Login to default iSCSI targets.
[[0;32m  OK  [0m] Started Login Service.
         Starting Authenticate and Authorize Users to Run Privileged Tasks...
[[0;32m  OK  [0m] Reached target Remote File Systems (Pre).
[[0;32m  OK  [0m] Reached target Remote File Systems.
         Starting LSB: daemon to balance interrupts for SMP systems...
         Starting LSB: Set the CPU Frequency Scaling governor to "ondemand"...
         Starting Permit User Sessions...
         Starting LSB: automatic crash report generation...
[[0;32m  OK  [0m] Started LSB: MD monitoring daemon.
[[0;32m  OK  [0m] Started LSB: Record successful boot for GRUB.
[[0;32m  OK  [0m] Started Authenticate and Authorize Users to Run Privileged Tasks.
[[0;32m  OK  [0m] Started Accounts Service.
[[0;32m  OK  [0m] Started Permit User Sessions.
         Starting Terminate Plymouth Boot Screen...
         Starting Hold until boot process finishes up...
[[0;32m  OK  [0m] Started Terminate Plymouth Boot Screen.
[[0;32m  OK  [0m] Started Hold until boot process finishes up.
[[0;32m  OK  [0m] Started Getty on tty1.
[[0;32m  OK  [0m] Started Serial Getty on ttyS0.
[[0;32m  OK  [0m] Reached target Login Prompts.
         Starting Set console scheme...
[[0;32m  OK  [0m] Started LSB: Set the CPU Frequency Scaling governor to "ondemand".
[[0;32m  OK  [0m] Started Set console scheme.
[[0;32m  OK  [0m] Started LSB: automatic crash report generation.
[[0;32m  OK  [0m] Created slice User Slice of vagrant.
[[0;32m  OK  [0m] Started Session 1 of user vagrant.
         Starting User Manager for UID 1000...
[[0;32m  OK  [0m] Started LSB: daemon to balance interrupts for SMP systems.
[[0;32m  OK  [0m] Started Snappy daemon.
[[0;32m  OK  [0m] Started Virtualbox guest utils.
[[0;32m  OK  [0m] Started User Manager for UID 1000.
         Starting Wait until snapd is fully seeded...
[[0;32m  OK  [0m] Started Wait until snapd is fully seeded.
         Starting Apply the settings specified in cloud-config...
[[0;32m  OK  [0m] Reached target Multi-User System.
[[0;32m  OK  [0m] Reached target Graphical Interface.
         Starting Update UTMP about System Runlevel Changes...
[[0;32m  OK  [0m] Started Update UTMP about System Runlevel Changes.
[   61.075452] cloud-init[1413]: Cloud-init v. 18.3-9-g2e62cb8a-0ubuntu1~16.04.2 running 'modules:config' at Thu, 25 Oct 2018 21:52:40 +0000. Up 59.46 seconds.

Ubuntu 16.04.5 LTS servidorproxy ttyS0

servidorproxy login: [   64.260382] cloud-init[1496]: Cloud-init v. 18.3-9-g2e62cb8a-0ubuntu1~16.04.2 running 'modules:final' at Thu, 25 Oct 2018 21:52:43 +0000. Up 63.19 seconds.
[   64.261740] cloud-init[1496]: Cloud-init v. 18.3-9-g2e62cb8a-0ubuntu1~16.04.2 finished at Thu, 25 Oct 2018 21:52:44 +0000. Datasource DataSourceNoCloud [seed=/dev/sdb][dsmode=net].  Up 64.23 seconds
