[   0.000000] Iniazing coususys cpet
[    0.000] nitilinggroup ubs pu
  0.0000] niiazing coususys cpac
    0.000]Liux version.40-13geri (uid@y01-am4-0)(gcc vsi 5.4.00160 (Ubutu5.4.0-6ubuntu1~164.0) ) #61buu SMP Mon A 2 10::0UT 218Ubtu 4.40-5.1-genec 4.140)[  0.00000Comand le:OO_IAG/bt/vmnu4..0-135-genericro=LBEL=cldi-rots  csole=ty1onle=tty0    0.000]ERNEL ppted cp:[   0000]   IeleninInl[   0.00]   AMD AuthenticAMD
[    0.000000]   Centaur CentaurHauls
[    0.000000] x86/fpu: xstate_offset[2]:  576, xstate_sizes[2]:  256
[    0.000000] x86/fpu: Supporting XSAVE feature 0x01: 'x87 floating point registers'
[    0.000000] x86/fpu: Supporting XSAVE feature 0x02: 'SSE registers'
[    0.000000] x86/fpu: Supporting XSAVE feature 0x04: 'AVX registers'
[    0.000000] x86/fpu: Enabled xstate features 0x7, context size is 832 bytes, using 'standard' format.
[    0.000000] e820: BIOS-provided physical RAM map:
[    0.000000] BIOS-e820: [mem 0x0000000000000000-0x000000000009fbff] usable
[    0.000000] BIOS-e820: [mem 0x000000000009fc00-0x000000000009ffff] reserved
[    0.000000] BIOS-e820: [mem 0x00000000000f0000-0x00000000000fffff] reserved
[    0.000000] BIOS-e820: [mem 0x0000000000100000-0x000000000ffeffff] usable
[    0.000000] BIOS-e820: [mem 0x000000000fff0000-0x000000000fffffff] ACPI data
[    0.000000] BIOS-e820: [mem 0x00000000fec00000-0x00000000fec00fff] reserved
[    0.000000] BIOS-e820: [mem 0x00000000fee00000-0x00000000fee00fff] reserved
[    0.000000] BIOS-e820: [mem 0x00000000fffc0000-0x00000000ffffffff] reserved
[    0.000000] NX (Execute Disable) protection: active
[    0.000000] SMBIOS 2.5 present.
[    0.000000] Hypervisor detected: KVM
[    0.000000] e820: last_pfn = 0xfff0 max_arch_pfn = 0x400000000
[    0.000000] MTRR: Disabled
[    0.000000] x86/PAT: MTRRs disabled, skipping PAT initialization too.
[    0.000000] CPU MTRRs all blank - virtualized system.
[    0.000000] x86/PAT: Configuration [0-7]: WB  WT  UC- UC  WB  WT  UC- UC  
[    0.000000] found SMP MP-table at [mem 0x0009fff0-0x0009ffff] mapped at [ffff88000009fff0]
[    0.000000] Scanning 1 areas for low memory corruption
[    0.000000] RAMDISK: [mem 0x0e998000-0x0f80afff]
[    0.000000] ACPI: Early table checksum verification disabled
[    0.000000] ACPI: RSDP 0x00000000000E0000 000024 (v02 VBOX  )
[    0.000000] ACPI: XSDT 0x000000000FFF0030 00003C (v01 VBOX   VBOXXSDT 00000001 ASL  00000061)
[    0.000000] ACPI: FACP 0x000000000FFF00F0 0000F4 (v04 VBOX   VBOXFACP 00000001 ASL  00000061)
[    0.000000] ACPI: DSDT 0x000000000FFF0470 0021FF (v02 VBOX   VBOXBIOS 00000002 INTL 20180105)
[    0.000000] ACPI: FACS 0x000000000FFF0200 000040
[    0.000000] ACPI: FACS 0x000000000FFF0200 000040
[    0.000000] ACPI: APIC 0x000000000FFF0240 00005C (v02 VBOX   VBOXAPIC 00000001 ASL  00000061)
[    0.000000] ACPI: SSDT 0x000000000FFF02A0 0001CC (v01 VBOX   VBOXCPUT 00000002 INTL 20180105)
[    0.000000] No NUMA configuration found
[    0.000000] Faking a node at [mem 0x0000000000000000-0x000000000ffeffff]
[    0.000000] NODE_DATA(0) allocated [mem 0x0ffeb000-0x0ffeffff]
[    0.000000] kvm-clock: Using msrs 4b564d01 and 4b564d00
[    0.000000] kvm-clock: cpu 0, msr 0:ffe3001, primary cpu clock
[    0.000000] kvm-clock: using sched offset of 3333543866 cycles
[    0.000000] clocksource: kvm-clock: mask: 0xffffffffffffffff max_cycles: 0x1cd42e4dffb, max_idle_ns: 881590591483 ns
[    0.000000] Zone ranges:
[    0.000000]   DMA      [mem 0x0000000000001000-0x0000000000ffffff]
[    0.000000]   DMA32    [mem 0x0000000001000000-0x000000000ffeffff]
[    0.000000]   Normal   empty
[    0.000000]   Device   empty
[    0.000000] Movable zone start for each node
[    0.000000] Early memory node ranges
[    0.000000]   node   0: [mem 0x0000000000001000-0x000000000009efff]
[    0.000000]   node   0: [mem 0x0000000000100000-0x000000000ffeffff]
[    0.000000] Initmem setup node 0 [mem 0x0000000000001000-0x000000000ffeffff]
[    0.000000] ACPI: PM-Timer IO Port: 0x4008
[    0.000000] IOAPIC[0]: apic_id 2, version 32, address 0xfec00000, GSI 0-23
[    0.000000] ACPI: INT_SRC_OVR (bus 0 bus_irq 0 global_irq 2 dfl dfl)
[    0.000000] ACPI: INT_SRC_OVR (bus 0 bus_irq 9 global_irq 9 low level)
[    0.000000] Using ACPI (MADT) for SMP configuration information
[    0.000000] smpboot: Allowing 2 CPUs, 0 hotplug CPUs
[    0.000000] PM: Registered nosave memory: [mem 0x00000000-0x00000fff]
[    0.000000] PM: Registered nosave memory: [mem 0x0009f000-0x0009ffff]
[    0.000000] PM: Registered nosave memory: [mem 0x000a0000-0x000effff]
[  0.00000PMRegistedosave emy:mem 0x0000-0x000ff][    0.000000] e820: [mem 0x10000000-0xfebfffff] available for PCI devices
[    0.000000] Booting paravirtualized kernel on KVM
[    0.000000] clocksource: refined-jiffies: mask: 0xffffffff max_cycles: 0xffffffff, max_idle_ns: 7645519600211568 ns
[    0.000000] setup_percpu: NR_CPUS:512 nr_cpumask_bits:512 nr_cpu_ids:2 nr_node_ids:1
[    0.000000] PERCPU: Embedded 34 pages/cpu @ffff88000fc00000 s99544 r8192 d31528 u1048576
[    0.000000] PV qspinlock hash table entries: 256 (order: 0, 4096 bytes)
[    0.000000] Built 1 zonelists in Node order, mobility grouping on.  Total pages: 64376
[    0.000000] Policy zone: DMA32
[    0.000000] Kernel command line: BOOT_IMAGE=/boot/vmlinuz-4.4.0-135-generic root=LABEL=cloudimg-rootfs ro console=tty1 console=ttyS0
[    0.000000] PID hash table entries: 1024 (order: 1, 8192 bytes)
[    0.000000] Memory: 223600K/261688K available (8554K kernel code, 1314K rwdata, 4004K rodata, 1516K init, 1316K bss, 38088K reserved, 0K cma-reserved)
[    0.000000] SLUB: HWalign=64, Order=0-3, MinObjects=0, CPUs=2, Nodes=1
[    0.000000] Kernel/User page tables isolation: enabled
[    0.000000] Hierarchical RCU implementation.
[    0.000000] 	Build-time adjustment of leaf fanout to 64.
[    0.000000] 	RCU restricting CPUs from NR_CPUS=512 to nr_cpu_ids=2.
[    0.000000] RCU: Adjusting geometry for rcu_fanout_leaf=64, nr_cpu_ids=2
[    0.000000] NR_IRQS:33024 nr_irqs:440 16
[    0.000000] Console: colour VGA+ 80x25
[    0.000000] console [tty1] enabled
[    0.000000] console [ttyS0] enabled
[    0.000000] tsc: Detected 3192.606 MHz processor
[    2.660071] Calibrating delay loop (skipped) preset value.. 6385.21 BogoMIPS (lpj=12770424)
[    2.661263] pid_max: default: 32768 minimum: 301
[    2.661901] ACPI: Core revision 20150930
[    2.663252] ACPI: 2 ACPI AML tables successfully acquired and loaded
[    2.664189] Security Framework initialized
[    2.664776] Yama: becoming mindful.
[    2.665857] AppArmor: AppArmor initialized
[    2.667056] Dentry cache hash table entries: 32768 (order: 6, 262144 bytes)
[    2.668636] Inode-cache hash table entries: 16384 (order: 5, 131072 bytes)
[    2.669500] Mount-cache hash table entries: 512 (order: 0, 09 btes)
[    2.702254] Mountpoint-cache hash table entries: 512 (order: 0, 4096 bytes)
[    2.826480] Initializing cgroup subsys io
[    2.828196] Initializing cgroup subsys memory
[    2.828798] Initializing cgroup subsys devices
[    2.829408] Initializing cgroup subsys freezer
[    2.830028] Initializing cgroup subsys net_cls
[    2.830627] Initializing cgroup subsys perf_event
[    2.831248] Initializing cgroup subsys net_prio
[    2.831893] Initializing cgroup subsys hugetlb
[    2.832493] Initializing cgroup subsys pids
[    2.833876] mce: CPU supports 0 MCE banks
[    2.834452] Last level iTLB entries: 4KB 1024, 2MB 1024, 4MB 1024
[    2.835199] Last level dTLB entries: 4KB 1024, 2MB 1024, 4MB 1024, 1GB 4
[    2.836039] Spectre V2 : Mitigation: Full generic retpoline
[    2.836742] Spectre V2 : Speculation control IBPB not-supported IBRS not-supported
[    2.837612] Speculative Store Bypass: Vulnerable
[    2.840300] Freeing SMP alternatives memory: 32K
[    2.847029] ftrace: allocating 32266 entries in 127 pages
[    2.888486] smpboot: APIC(0) Converting physical 0 to logical package 0
[    2.943935] smpboot: Max logical packages: 1
[    2.944743] x2apic enabled
[    2.945368] Switched APIC routing to physical x2apic.
[    2.946928] ..TIMER: vector=0x30 apic1=0 pin1=2 apic2=-1 pin2=-1
[    3.055294] smpboot: CPU0: Intel(R) Core(TM) i5-4570 CPU @ 3.20GHz (family: 0x6, model: 0x3c, stepping: 0x3)
[    3.064675] Performance Events: unsupported p6 CPU model 60 no PMU driver, software events only.
[    3.065966] KVM setup paravirtual spinlock
[    3.067161] x86: Booting SMP configuration:
[    3.067785] .... node  #0, CPUs:      #1
[    3.068437] kvm-clock: cpu 1, msr 0:ffe3041, secondary cpu clock
[    3.069735] mce: CPU supports 0 MCE banks
[    3.072072] x86: Booted up 1 node, 2 CPUs
[    3.072817] smpboot: Total of 2 processors activated (12770.42 BogoMIPS)
[    3.074901] devtmpfs: initialized
[    3.077309] evm: security.selinux
[    3.077834] evm: security.SMACK64
[    3.078346] evm: security.SMACK64EXEC
[    3.078890] evm: security.SMACK64TRANSMUTE
[    3.079485] evm: security.SMACK64MMAP
[    3.080029] evm: security.ima
[    3.080508] evm: security.capability
[    3.081185] clocksource: jiffies: mask: 0xffffffff max_cycles: 0xffffffff, max_idle_ns: 7645041785100000 ns
[    3.082462] futex hash table entries: 512 (order: 3, 32768 bytes)
[    3.083344] pinctrl core: initialized pinctrl subsystem
[    3.084128] RTC time:  7:09:02, date: 10/30/18
[    3.084885] NET: Registered protocol family 16
[    3.095148] cpuidle: using governor ladder
[    3.119363] cpuidle: using governor menu
[    3.123951] PCCT header not found.
[    3.137185] ACPI: bus type PCI registered
[    3.150849] acpiphp: ACPI Hot Plug PCI Controller Driver version: 0.5
[    3.169613] PCI: Using configuration type 1 for base access
[    3.184155] ACPI: Added _OSI(Module Device)
[    3.184787] ACPI: Added _OSI(Processor Device)
[    3.233943] ACPI: Added _OSI(3.0 _SCP Extensions)
[    3.258334] ACPI: Added _OSI(Processor Aggregator Device)
[    3.259608] ACPI: Executed 1 blocks of module-level executable AML code
[    3.262114] ACPI: Interpreter enabled
[    3.262675] ACPI: (supports S0 S5)
[    3.263182] ACPI: Using IOAPIC for interrupt routing
[    3.263985] PCI: Using host bridge windows from ACPI; if necessary, use "pci=nocrs" and report a bug
[    3.267952] ACPI: PCI Root Bridge [PCI0] (domain 0000 [bus 00-ff])
[    3.358171] acpi PNP0A03:00: _OSC: OS supports [ASPM ClockPM Segments MSI]
[    3.484082] acpi PNP0A03:00: _OSC: not requesting OS control; OS requires [ExtendedConfig ASPM ClockPM MSI]
[    3.496994] acpi PNP0A03:00: fail to add MMCONFIG information, can't access extended PCI configuration space under this bridge.
[    3.503963] PCI host bridge to bus 0000:00
[    3.504549] pci_bus 0000:00: root bus resource [io  0x0000-0x0cf7 window]
[    3.505362] pci_bus 0000:00: root bus resource [io  0x0d00-0xffff window]
[    3.506171] pci_bus 0000:00: root bus resource [mem 0x000a0000-0x000bffff window]
[    3.507244] pci_bus 0000:00: root bus resource [mem 0x10000000-0xfdffffff window]
[    3.508320] pci_bus 0000:00: root bus resource [bus 00-ff]
[    3.510127] pci 0000:00:01.1: legacy IDE quirk: reg 0x10: [io  0x01f0-0x01f7]
[    3.510972] pci 0000:00:01.1: legacy IDE quirk: reg 0x14: [io  0x03f6]
[    3.511789] pci 0000:00:01.1: legacy IDE quirk: reg 0x18: [io  0x0170-0x0177]
[    3.512663] pci 0000:00:01.1: legacy IDE quirk: reg 0x1c: [io  0x0376]
[    3.520944] pci 0000:00:07.0: quirk: [io  0x4000-0x403f] claimed by PIIX4 ACPI
[    3.625519] pci 0000:00:07.0: quirk: [io  0x4100-0x410f] claimed by PIIX4 SMB
[    3.648869] ACPI: PCI Interrupt Link [LNKA] (IRQs 5 9 10 *11)
[    3.712121] ACPI: PCI Interrupt Link [LNKB] (IRQs 5 9 *10 11)
[    3.720670] ACPI: PCI Interrupt Link [LNKC] (IRQs 5 *9 10 11)
[    3.745279] ACPI: PCI Interrupt Link [LNKD] (IRQs 5 9 10 *11)
[    3.746370] ACPI: Enabled 2 GPEs in block 00 to 07
[    3.747380] vgaarb: setting as boot device: PCI:0000:00:02.0
[    3.748143] vgaarb: device added: PCI:0000:00:02.0,decodes=io+mem,owns=io+mem,locks=none
[    3.749236] vgaarb: loaded
[    3.749675] vgaarb: bridge control possible 0000:00:02.0
[    3.750542] SCSI subsystem initialized
[    3.751268] ACPI: bus type USB registered
[    3.751896] usbcore: registered new interface driver usbfs
[    3.752637] usbcore: registered new interface driver hub
[    3.753349] usbcore: registered new device driver usb
[    3.754271] PCI: Using ACPI for IRQ routing
[    3.755092] NetLabel: Initializing
[    3.755622] NetLabel:  domain hash size = 128
[    3.756232] NetLabel:  protocols = UNLABELED CIPSOv4
[    3.758351] NetLabel:  unlabeled traffic allowed by default
[    3.759189] amd_nb: Cannot enumerate AMD northbridges
[    3.759883] clocksource: Switched to clocksource kvm-clock
[    3.766257] AppArmor: AppArmor Filesystem Enabled
[    3.766970] pnp: PnP ACPI init
[    3.768028] pnp: PnP ACPI: found 3 devices
[  37616clksrc ai_: sk0xffff max_cycle 0fff,axdlns 2085701024 ns
  4.8614] NET: Registered protocol family 2
[    4.689621] TCP established hash table entries: 2048 (order: 2, 16384 bytes)
[    4.690482] TCP bind hash table entries: 2048 (order: 3, 32768 bytes)
[    4.691266] TCP: Hash tables configured (established 2048 bind 2048)
[  4192]DPastalentes25 (de:  82 te
  5.42] P-ite hash table entries: 256 (order: 1, 8192 bytes)
[    5.657471] NET: Registered protocol family 1
[    5.658101] pci 0000:00:00.0: Limiting direct PCI/PCI transfers
[    5.658853] pci 0000:00:01.0: Activating ISA DMA hang workarounds
[    5.659720] Unpacking initramfs...
[    58827441] Freiiggiiiirr  eeooyy  4499KK

[    6.217159] RAPL PMU detected, API unit is 2^-32 Joules, 4 fixed counters 10737418240 ms ovfl timer
[    6.378777] hw unit of domain pp0-core 2^-0 Joules
[    6.379425] hw unit of domain package 2^-0 Joules
[    6.380051] hw unit of domain dram 2^-0 Joules
[    6.380703] hw unit of domain pp1-gpu 2^-0 Joules
[    6.381421] platform rtc_cmos: registered platform RTC device (no PNP device found)
[    6.468760] Scanning for low memory corruption every 60 seconds
[    6.469873] audit: initializing netlink subsys (disabled)
[    6.470583] audit: type=2000 audit(1540883346.929:1): initialized
[    6.471577] Iiiiialss  yyttmmttuustdd keyring
[    6.858389] HugeTLB registered22MM  paeesszz,,ppee-allcctted 0 pages
[    7.226380] zbud: loaded
[    7.227208] VFS: Disk quotas dquot_6.6.0
[    7.227821] VFS: Dquot-cache hash table entries: 512 (order 0, 4096 bytes)
[    7.228940] squashfs: version 4.0 (2009/01/31) Phillip Lougher
[    7.229935] fuse init (API version 7.23)
[    7.230616] Key type big_key registered
[    7.231207] Allocating IMA MOK and blacklist keyrings.
[    7.232805] Key type asymmetric registered
[    7.233408] Asymmetric key parser 'x509' registered
[    7.234103] Block layer SCSI generic (bsg) driver version 0.4 loaded (major 249)
[    7.235210] io scheduler noop registered
[    7.235787] io scheduler deadline registered (default)
[    7.236514] io scheduler cfq registered
[    7.237165] pci_hotplug: PCI Hot Plug PCI Core version: 0.5
[    7.237917] pciehp: PCI Express Hot Plug Controller Driver version: 0.4
[    7.239217] ACPI: AC Adapter [AC] (on-line)
[    7.240125] input: Power Button as /devices/LNXSYSTM:00/LNXPWRBN:00/input/input0
[    7.241403] ACPI: Power Button [PWRF]
[    7.241981] input: Sleep Button as /devices/LNXSYSTM:00/LNXSLPBN:00/input/input1
[    7.243010] ACPI: Sleep Button [SLPF]
[    7.243673] GHES: HEST is not enabled!
[    7.244313] Serial: 8250/16550 driver, 32 ports, IRQ sharing enabled
[    7.302367] 00:02: ttyS0 at I/O 0x3f8 (irq = 4, base_baud = 115200) is a 16550A
[    7.369660] Linux agpgart interface v0.103
[    7.371496] loop: module loaded
[    7.372505] scsi host0: ata_piix
[    7.373149] scsi host1: ata_piix
[    7.418964] tsc: Refined TSC clocksource calibration: 3198.966 MHz
[    7.424260] ata1: PATA max UDMA/33 cmd 0x1f0 ctl 0x3f6 bmdma 0xd000 irq 14
[    7.424261] ata2: PATA max UDMA/33 cmd 0x170 ctl 0x376 bmdma 0xd008 irq 15
[    7.424344] libphy: Fixed MDIO Bus: probed
[    7.424346] tun: Universal TUN/TAP device driver, 1.6
[    7.424346] tun: (C) 1999-2004 Max Krasnyansky <maxk@qualcomm.com>
[    7.468714] PPP generic driver version 2.4.2
[    7.468780] ehci_hcd: USB 2.0 'Enhanced' Host Controller (EHCI) Driver
[    7.468784] ehci-pci: EHCI PCI platform driver
[    7.468799] ehci-platform: EHCI generic platform driver
[    7.468807] ohci_hcd: USB 1.1 'Open' Host Controller (OHCI) Driver
[    7.468809] ohci-pci: OHCI PCI platform driver
[    7.468816] ohci-platform: OHCI generic platform driver
[    7.468822] uhci_hcd: USB Universal Host Controller Interface driver
[    7.468875] i8042: PNP: PS/2 Controller [PNP0303:PS2K,PNP0f03:PS2M] at 0x60,0x64 irq 1,12
[    7.469288] serio: i8042 KBD port at 0x60,0x64 irq 1
[    7.469292] serio: i8042 AUX port at 0x60,0x64 irq 12
[    7.469381] mousedev: PS/2 mouse device common for all mice
[    7.469571] input: AT Translated Set 2 keyboard as /devices/platform/i8042/serio0/input/input2
[    7.469850] rtc_cmos rtc_cmos: rtc core: registered rtc_cmos as rtc0
[    7.469895] rtc_cmos rtc_cmos: alarms up to one day, 114 bytes nvram
[    7.469900] i2c /dev entries driver
[    7.469947] device-mapper: uevent: version 1.0.3
[    7.469992] device-mapper: ioctl: 4.34.0-ioctl (2015-10-28) initialised: dm-devel@redhat.com
[    7.470009] ledtrig-cpu: registered to indicate activity on CPUs
[    7.470256] NET: Registered protocol family 10
[    7.470387] NET: Registered protocol family 17
[    7.470396] Key type dns_resolver registered
[    7.470590] registered taskstats version 1
[    7.470600] Loading compiled-in X.509 certificates
[    7.471162] Loaded X.509 cert 'Build time autogenerated kernel key: b7189ebc996fd79c52efc1226b6676b25e4f6a2d'
[    7.471177] zswap: loaded using pool lzo/zbud
[    7.521895] Key type trusted registered
[    7.523769] Key type encrypted registered
[    7.523774] AppArmor: AppArmor sha1 policy hashing enabled
[    7.523777] ima: No TPM chip found, activating TPM-bypass!
[    7.523780] ima: Allocated hash algorithm: sha1
[    7.523792] evm: HMAC attrs: 0x1
[    7.524002]   Magic number: 6:636:168
[    7.561063] rtc_cmos rtc_cmos: setting system clock to 2018-10-30 07:09:06 UTC (1540883346)
[    7.561135] BIOS EDD facility v0.16 2004-Jun-25, 0 devices found
[    7.561136] EDD information not available.
[    7.591965] clocksource: tsc: mask: 0xffffffffffffffff max_cycles: 0x2e1c78f33bf, max_idle_ns: 440795244664 ns
[    7.679650] Freeing unused kernel memory: 1516K
[    7.848279] Write protecting the kernel read-only data: 14336k
[    8.458767] Freeing unused kernel memory: 1672K
[    8.608489] Freeing unused kernel memory: 92K
Loading, please wait...
starting version[    8.651710] random: systemd-udevd: uninitialized urandom read (16 bytes read, 3 bits of entropy available)
 229
[    8.652222] random: udevadm: uninitialized urandom read (16 bytes read, 3 bits of entropy available)
[    8.652239] random: udevadm: uninitialized urandom read (16 bytes read, 3 bits of entropy available)
[    8.659526] random: udevadm: uninitialized urandom read (16 bytes read, 3 bits of entropy available)
[    8.659558] random: udevadm: uninitialized urandom read (16 bytes read, 3 bits of entropy available)
[    8.659657] random: udevadm: uninitialized urandom read (16 bytes read, 3 bits of entropy available)
[    8.659693] random: udevadm: uninitialized urandom read (16 bytes read, 3 bits of entropy available)
[    8.659728] random: udevadm: uninitialized urandom read (16 bytes read, 3 bits of entropy available)
[    8.659764] random: udevadm: uninitialized urandom read (16 bytes read, 3 bits of entropy available)
[    8.659800] random: udevadm: uninitialized urandom read (16 bytes read, 3 bits of entropy available)
[    8.762232] Fusion MPT base driver 3.04.20
[    9.091146] Copyright (c) 1999-2008 LSI Corporation
[    9.091801] e1000: Intel(R) PRO/1000 Network Driver - version 7.3.21-k8-NAPI
[    9.091802] e1000: Copyright (c) 1999-2006 Intel Corporation.
[    9.482766] Fusion MPT SPI Host driver 3.04.20
[    9.489826] AVX2 version of gcm_enc/dec engaged.
[    9.494572] AES CTR mode by8 optimization enabled
[    9.680979] input: ImExPS/2 Generic Explorer Mouse as /devices/platform/i8042/serio1/input/input4
[    9.811587] e1000 0000:00:03.0 eth0: (PCI:33MHz:32-bit) 02:fb:a8:4c:29:d0
[    9.918667] e1000 0000:00:03.0 eth0: Intel(R) PRO/1000 Network Connection
[   10.248910] e1000 0000:00:08.0 eth1: (PCI:33MHz:32-bit) 08:00:27:41:da:2e
[   10.398492] e1000 0000:00:08.0 eth1: Intel(R) PRO/1000 Network Connection
[   10.400672] e1000 0000:00:03.0 enp0s3: renamed from eth0
[   10.401416] mptbase: ioc0: Initiating bringup
[   10.412101] e1000 0000:00:08.0 enp0s8: renamed from eth1
[   10.568175] ioc0: LSI53C1030 A0: Capabilities={Initiator}
[   11.500992] scsi host2: ioc0: LSI53C1030 A0, FwRev=00000000h, Ports=1, MaxQ=256, IRQ=20
[   11.688394] scsi 2:0:0:0: Direct-Access     VBOX     HARDDISK         1.0  PQ: 0 ANSI: 5
[   11.708631] scsi target2:0:0: Beginning Domain Validation
[   11.738328] scsi target2:0:0: Domain Validation skipping write tests
[   11.739121] scsi target2:0:0: Ending Domain Validation
[   11.747247] scsi target2:0:0: asynchronous
[   11.753401] scsi 2:0:1:0: Direct-Access     VBOX     HARDDISK         1.0  PQ: 0 ANSI: 5
[   11.754545] scsi target2:0:1: Beginning Domain Validation
[   11.755691] scsi target2:0:1: Domain Validation skipping write tests
[   11.756483] scsi target2:0:1: Ending Domain Validation
[   11.757199] scsi target2:0:1: asynchronous
[   11.761611] sd 2:0:0:0: [sda] 20971520 512-byte logical blocks: (10.7 GB/10.0 GiB)
[   11.868509] sd 2:0:0:0: Attached scsi generic sg0 type 0
[   11.869466] sd 2:0:1:0: [sdb] 20480 512-byte logical blocks: (10.5 MB/10.0 MiB)
[   11.870556] sd 2:0:0:0: [sda] Write Protect is off
[   11.870615] sd 2:0:1:0: [sdb] Write Protect is off
[   11.870665] sd 2:0:1:0: [sdb] Incomplete mode parameter data
[   11.870666] sd 2:0:1:0: [sdb] Assuming drive cache: write through
[   11.870806] sd 2:0:1:0: Attached scsi generic sg1 type 0
[   11.900219] sd 2:0:1:0: [sdb] Attached SCSI disk
[   12.112608] sd 2:0:0:0: [sda] Incomplete mode parameter data
[   12.113374] sd 2:0:0:0: [sda] Assuming drive cache: write through
[   12.122033]  sda: sda1
[   12.149717] sd 2:0:0:0: [sda] Attached SCSI disk
Begin: Loading e[   13.418695] md: linear personality registered for level -1
ssential drivers ... [   13.423612] md: multipath personality registered for level -4
[   13.426510] md: raid0 personality registered for level 0
[   13.460809] md: raid1 personality registered for level 1
[   13.808033] raid6: sse2x1   gen() 12445 MB/s
[   13.918041] raid6: sse2x1   xor()  9074 MB/s
[   14.088080] raid6: sse2x2   gen() 14165 MB/s
[   14.248040] raid6: sse2x2   xor()  9453 MB/s
[   14.428046] raid6: sse2x4   gen() 17431 MB/s
[   14.858099] raid6: sse2x4   xor() 11824 MB/s
[   14.998062] raid6: avx2x1   gen() 21761 MB/s
[   15.199992] raid6: avx2x2   gen() 24731 MB/s
[   15.358084] raid6: avx2x4   gen() 29801 MB/s
[   15.528400] raid6: using algorithm avx2x4 gen() 29801 MB/s
[   15.529168] raid6: using avx2x2 recovery algorithm
[   15.531014] xor: automatically using best checksumming function:
[   15.567924]    avx       : 29557.000 MB/sec
[   15.609239] async_tx: api initialized (async)
[   15.616107] md: raid6 personality registered for level 6
[   15.652144] md: raid5 personality registered for level 5
[   15.665676] md: raid4 personality registered for level 4
[   15.671212] md: raid10 personality registered for level 10
done.
Begin: Running /scripts/init-premount ... done.
Begin: Mounting root file[   15.702499] Btrfs loaded
 system ... Begin: Running /scripts/local-top ... done.
Begin: Running /scripts/local-premount ... Scanning for Btrfs filesystems
done.
Warning: fsck not present, so skipping root file system
[   15.971858] EXT4-fs (sda1): mounted filesystem with ordered data mode. Opts: (null)
done.
Begin: Running /scripts/local-bottom ... done.
Begin: Running /scripts/init-bottom ... done.
[   16.484103] systemd[1]: systemd 229 running in system mode. (+PAM +AUDIT +SELINUX +IMA +APPARMOR +SMACK +SYSVINIT +UTMP +LIBCRYPTSETUP +GCRYPT +GNUTLS +ACL +XZ -LZ4 +SECCOMP +BLKID +ELFUTILS +KMOD -IDN)
[   16.573258] systemd[1]: Detected virtualization oracle.
[   16.573977] systemd[1]: Detected architecture x86-64.

Welcome to [1mUbuntu 16.04.5 LTS[0m!

[   16.621005] systemd[1]: Set hostname to <ubuntu-xenial>.
[   17.073517] random: nonblocking pool is initialized
[   17.346599] systemd[1]: Listening on udev Kernel Socket.
[[0;32m  OK  [0m] Listening on udev Kernel Socket.
[   17.373368] systemd[1]: Listening on LVM2 poll daemon socket.
[[0;32m  OK  [0m] Listening on LVM2 poll daemon socket.
[   17.375198] systemd[1]: Created slice System Slice.
[[0;32m  OK  [0m] Created slice System Slice.
[   17.422744] systemd[1]: Created slice User and Session Slice.
[[0;32m  OK  [0m] Created slice User and Session Slice.
[   17.424379] systemd[1]: Listening on Journal Socket (/dev/log).
[[0;32m  OK  [0m] Listening on Journal Socket (/dev/log).
[   17.428243] systemd[1]: Reached target User and Group Name Lookups.
[[0;32m  OK  [0m] Reached target User and Group Name Lookups.
[   17.430119] systemd[1]: Listening on udev Control Socket.
[[0;32m  OK  [0m] Listening on udev Control Socket.
[   17.431610] systemd[1]: Reached target Slices.
[[0;32m  OK  [0m] Reached target Slices.
[   17.433126] systemd[1]: Listening on Journal Audit Socket.
[[0;32m  OK  [0m] Listening on Journal Audit Socket.
[   17.434678] systemd[1]: Reached target Swap.
[[0;32m  OK  [0m] Reached target Swap.
[   17.436109] systemd[1]: Listening on /dev/initctl Compatibility Named Pipe.
[[0;32m  OK  [0m] Listening on /dev/initctl Compatibility Named Pipe.
[   17.438128] systemd[1]: Reached target Encrypted Volumes.
[[0;32m  OK  [0m] Reached target Encrypted Volumes.
[   17.440976] systemd[1]: Listening on Journal Socket.
[[0;32m  OK  [0m] Listening on Journal Socket.
[   17.452092] systemd[1]: Starting Load Kernel Modules...
         Starting Load Kernel Modules...[   17.552068] Loading iSCSI transport class v2.0-870.

[   17.662611] iscsi: registered transport (tcp)
[   17.665073] systemd[1]: Mounting POSIX Message Queue File System...
         Mounting POSIX Message Queue File System...
[   17.740210] systemd[1]: Starting Set console keymap...
         Starting Set console keymap...
[   17.800155] systemd[1]: Starting Nameserver information manager...
         Starting Nameserver information manager...
[   17.826124] systemd[1]: Starting Remount Root and Kernel File Systems...
[   17.827132] iscsi: registered transport (iser)
         Starting Remount Root and Kernel File Systems...
[   17.829317] systemd[1]: Mounting Huge Pages File System...
         Mounting Huge Pages File System...
[   17.840599] systemd[1]: Starting Uncomplicated firewall...
         Starting Uncomplicated firewall...
[   17.842153] systemd[1]: Listening on Device-mapper event daemon FIFOs.
[[0;32m  OK  [0m] Listening on Device-mapper event daemon FIFOs.
[   17.843786] systemd[1]: Listening on Syslog Socket.
[[0;32m  OK  [0m] Listening on Syslog Socket.
[   17.84688]]sssseedd11::SSaattddTTrigger resolvconf update for networkd DNS.
[[0;32m  OK  [[   18.259292] EXT4-fs (sda1): re-mounted. Opts: (null)
0m] Started Trigger resolvconf update for networkd DNS.
[   18.282309] systemd[1]: Listening on LVM2 metadata daemon socket.
[[0;32m  OK  [0m] Listening on LVM2 metadata daemon socket.
[   18.300282] systemd[1]: Starting Monitoring of LVM2 mirrors, snapshots etc. using dmeventd or progress polling...
         Starting Monitoring of LVM2 mirrors... dmeventd or progress polling...
[   18.458191] systemd[1]: Starting Journal Service...
         Starting Journal Service...
[   18.459664] systemd[1]: Reached target System Time Synchronized.
[[0;32m  OK  [0m] Reached target System Time Synchronized.
[   18.468960] systemd[1]: Mounting Debug File System...
         Mounting Debug File System...
[   18.544553] systemd[1]: Created lie system-ril\dgtyslice.
[[0;32m  OK  [0m] Created slice system-serial\x2dgetty.slice.
[   18.900232] systemd[1]: Starting Create list of required static device nodes for the current kernel...
         Starting Create list of required st... nodes for the current kernel...
[   18.929055] systemd[1]: Set up automount Arbitrary Executable File Formats File System Automount Point.
[[0;32m  OK  [0m] Set up automount Arbitrary Executab...ats File System Automount Point.
[   18.954102] systemd[1]: Started Forward Password Requests to Wall Directory Watch.
[[0;32m  OK  [0m] Started Forward Password Requests to Wall Directory Watch.
[   18.980793] systemd[1]: Mounted POSIX Message Queue File System.
[[0;32m  OK  [0m] Mounted POSIX Message Queue File System.
[   19.076139] systemd[1]: Mounted Debug File System.
[[0;32m  OK  [0m] Mounted Debug File System.
[   19.132131] systemd[1]: Mounted Huge Pages File System.
[[0;32m  OK  [0m] Mounted Huge Pages File System.
[   19.220352] systemd[1]: Started Journal Service.
[[0;32m  OK  [0m] Started Journal Service.
[[0;32m  OK  [0m] Started Load Kernel Modules.
[[0;32m  OK  [0m] Started Set console keymap.
[[0;32m  OK  [0m] Started Remount Root and Kernel File Systems.
[[0;32m  OK  [0m] Started Uncomplicated firewall.
[[0;32m  OK  [0m] Started Create list of required sta...ce nodes for the current kernel.
[[0;32m  OK  [0m] Started Nameserver information manager.
[[0;32m  OK  [0m] Started LVM2 metadata daemon.
         Starting Create Static Device Nodes in /dev...
         Starting udev Coldplug all Devices...
         Starting Load/Save Random Seed...
         Mounting FUSE Control File System...
         Starting Apply Kernel Variables...
         Starting Flush Journal to Persistent Storage...
[[0;32m  OK  [0m] Mounted FUSE Control File System.
[[0;32m  OK  [0m] Started Load/Save Random Seed.
[[0;32m  OK  [0m] Started udev Coldplug all Devices.
[   19.792306] systemd-journald[398]: Received request to flush runtime journal from PID 1
[[0;32m  OK  [0m] Started Apply Kernel Variables.
[[0;32m  OK  [0m] Started Flush Journal to Persistent Storage.
[[0;32m  OK  [0m] Started Monitoring of LVM2 mirrors,...ng dmeventd or progress polling.
[[0;32m  OK  [0m] Started Create Static Device Nodes in /dev.
         Starting udev Kernel Device Manager...
[[0;32m  OK  [0m] Started udev Kernel Device Manager.
[[0;32m  OK  [0m] Started Dispatch Password Requests to Console Directory Watch.
[[0;32m  OK  [0m] Reached target Local File Systems (Pre).
[[0;32m  OK  [0m] Reached target Local File Systems.
         Starting Initial cloud-init job (pre-networking)...
         Starting Create Volatile Files and Directories...
         Starting LSB: AppArmor initialization...
         Starting Tell Plymouth To Write Out Runtime Data...
         Starting Set console font and keymap...
[[0;32m  OK  [0m] Started Create Volatile Files and Directories.
[[0;32m  OK  [0m] Started Tell Plymouth To Write Out Runtime Data.
[[0;32m  OK  [0m] Found device /dev/ttyS0.
[[0;32m  OK  [0m] Listening on Load/Save RF Kill Switch Status /dev/rfkill Watch.
         Starting Update UTMP about System Boot/Shutdown...
[[0;32m  OK  [0m] Started Update UTMP about System Boot/Shutdown.
[[0;32m  OK  [0m] Started Set console font and keymap.
[[0;32m  OK  [0m] Created slice system-getty.slice.
[[0;32m  OK  [0m] Started LSB: AppArmor initialization.
[   20.238885] cloud-init[473]: Cloud-init v. 18.3-9-g2e62cb8a-0ubuntu1~16.04.2 running 'init-local' at Tue, 30 Oct 2018 07:09:22 +0000. Up 19.77 seconds.
[[0;32m  OK  [0m] Started Initial cloud-init job (pre-networking).
[[0;32m  OK  [0m] Reached target Network (Pre).
         Starting Raise network interfaces...
[[0;32m  OK  [0m] Started ifup for enp0s8.
[[0;32m  OK  [0m] Started ifup for enp0s3.
[[0;32m  OK  [0m] Started Raise network interfaces.
         Starting Initial cloud-init job (metadata service crawler)...
[[0;32m  OK  [0m] Reached target Network.
[   21.846281] cloud-init[1084]: Cloud-init v. 18.3-9-g2e62cb8a-0ubuntu1~16.04.2 running 'init' at Tue, 30 Oct 2018 07:09:23 +0000. Up 21.25 seconds.
[   21.896413] cloud-init[1084]: ci-info: ++++++++++++++++++++++++++++++++++++++Net device info+++++++++++++++++++++++++++++++++++++++
[   21.896567] cloud-init[1084]: ci-info: +--------+------+-----------------------------+---------------+--------+-------------------+
[[0;32m  OK  [0m] Started Initial cloud-init job (metadata service crawler).
[   21.896735] cloud-init[1084]: ci-info: | Device |  Up  |           Address           |      Mask     | Scope  |     Hw-Address    |
[   22.144468] cloud-init[1084]: ci-info: +--------+------+-----------------------------+---------------+--------+-------------------+
[   22.144960] cloud-init[1084]: ci-info: | enp0s3 | True |          10.0.2.15          | 255.255.255.0 | global | 02:fb:a8:4c:29:d0 |
[[0;32m  OK  [0m] Reached target Network is Online.
[   22.145381] cloud-init[1084]: ci-info: | enp0s3 | True |  fe80::fb:a8ff:fe4c:29d0/64 |       .       |  link  | 02:fb:a8:4c:29:d0 |
[   22.220348] cloud-init[1084]: ci-info: | enp0s8 | True |        192.168.3.168        | 255.255.252.0 | global | 08:00:27:41:da:2e |
[   22.220541] cloud-init[1084]: ci-info: | enp0s8 | True | fe80::a00:27ff:fe41:da2e/64 |       .       |  link  | 08:00:27:41:da:2e |
         Starting iSCSI initiator daemon (iscsid)...
[   22.220649] cloud-init[1084]: ci-info: |   lo   | True |          127.0.0.1          |   255.0.0.0   |  host  |         .         |
[   22.224469] cloud-init[1084]: ci-info: |   lo   | True |           ::1/128           |       .       |  host  |         .         |
[   22.224696] cloud-init[1084]: ci-info: +--------+------+-----------------------------+---------------+--------+-------------------+
[   22.224824] cloud-init[1084]: ci-info: +++++++++++++++++++++++++++Route IPv4 info++++++++++++++++++++++++++++
[   22.224940] cloud-init[1084]: ci-info: +-------+-------------+----------+---------------+-----------+-------+
[   22.225059] cloud-init[1084]: ci-info: | Route | Destination | Gateway  |    Genmask    | Interface | Flags |
[   22.225234] cloud-init[1084]: ci-info: +-------+-------------+----------+---------------+-----------+-------+
[[0;32m  OK  [0m] Reached target System Initialization.
[[   22.225386] cloud-init[1084]: ci-info: |   0   |   0.0.0.0   | 10.0.2.2 |    0.0.0.0    |   enp0s3  |   UG  |
[   22.233980] cloud-init[1084]: ci-info: |   1   |   10.0.2.0  | 0.0.0.0  | 255.255.255.0 |   enp0s3  |   U   |
[   22.234157] cloud-init[1084]: ci-info: |   2   | 192.168.0.0 | 0.0.0.0  | 255.255.252.0 |   enp0s8  |   U   |
[   22.234262] cloud-init[1084]: ci-info: +-------+-------------+----------+---------------+-----------+-------+
[   22.234365] cloud-init[1084]: ci-info: +++++++++++++++++++Route IPv6 info+++++++++++++++++++
[   22.234477] cloud-init[1084]: ci-info: +-------+-------------+---------+-----------+-------+
[   22.234759] cloud-init[1084]: ci-info: | Route | Destination | Gateway | Interface | Flags |
[   22.234996] cloud-init[1084]: ci-info: +-------+-------------+---------+-----------+-------+
[   22.235098] cloud-init[1084]: ci-info: |   0   |  fe80::/64  |    ::   |   enp0s8  |   U   |
[   22.235203] cloud-init[1084]: ci-info: |   1   |  fe80::/64  |    ::   |   enp0s3  |   U   |
[   22.235309] cloud-init[1084]: ci-info: |   4   |   ff00::/8  |    ::   |   enp0s8  |   U   |
[   22.235413] cloud-init[1084]: ci-info: |   5   |   ff00::/8  |    ::   |   enp0s3  |   U   |
[   22.235518] cloud-init[1084]: ci-info: +-------+-------------+---------+-----------+-------+
[0;32m  OK  [0m] Started Daily Cleanup of Temporary Directories.
[[0;32m  OK  [0m] Listening on D-Bus System Message Bus Socket.
[[0;32m  OK  [0m] Listening on UUID daemon activation socket.
         Starting Socket activation for snappy daemon.
[[0;32m  OK  [0m] Started ACPI Events Check.
[[0;32m  OK  [0m] Reached target Paths.
         Starting LXD - unix socket.
[[0;32m  OK  [0m] Listening on ACPID Listen Socket.
[[0;32m  OK  [0m] Started Daily apt download activities.
[[0;32m  OK  [0m] Started Daily apt upgrade and clean activities.
[[0;32m  OK  [0m] Reached target Timers.
[[0;32m  OK  [0m] Reached target Cloud-config availability.
[[0;32m  OK  [0m] Listening on Socket activation for snappy daemon.
[[0;32m  OK  [0m] Listening on LXD - unix socket.
[[0;32m  OK  [0m] Started iSCSI initiator daemon (iscsid).
         Starting Login to default iSCSI targets...
[[0;32m  OK  [0m] Reached target Sockets.
[[0;32m  OK  [0m] Reached target Basic System.
         Starting LSB: MD monitoring daemon...
[[0;32m  OK  [0m] Started Regular background program processing daemon.
[[0;32m  OK  [0m] Started D-Bus System Message Bus.
         Starting Accounts Service...
         Starting System Logging Service...
[[0;32m  OK  [0m] Started ACPI event daemon.
         Starting /etc/rc.local Compatibility...
[[0;32m  OK  [0m] Started Deferred execution scheduler.
         Starting LSB: Record successful boot for GRUB...
         Starting Login Service...
[[0;32m  OK  [0m] Started FUSE filesystem for LXC.
[[0;32m  OK  [0m] Started Unattended Upgrades Shutdown.
         Starting LXD - container startup/shutdown...
         Starting Virtualbox guest utils...
         Starting OpenBSD Secure Shell server...
         Starting Snappy daemon...
[[0;32m  OK  [0m] Started System Logging Service.
[[0;32m  OK  [0m] Started /etc/rc.local Compatibility.
[[0;32m  OK  [0m] Started Login Service.
         Starting Authenticate and Authorize Users to Run Privileged Tasks...
[[0;32m  OK  [0m] Started LSB: MD monitoring daemon.
[[0;32m  OK  [0m] Started LSB: Record successful boot for GRUB.
[[0;32m  OK  [0m] Started Login to default iSCSI targets.
[[0;32m  OK  [0m] Started Authenticate and Authorize Users to Run Privileged Tasks.
[[0;32m  OK  [0m] Started Accounts Service.
[[0;32m  OK  [0m] Reached target Remote File Systems (Pre).
[[0;32m  OK  [0m] Reached target Remote File Systems.
         Starting Permit User Sessions...
         Starting LSB: daemon to balance interrupts for SMP systems...
         Starting LSB: Set the CPU Frequency Scaling governor to "ondemand"...
         Starting LSB: automatic crash report generation...
[[0;32m  OK  [0m] Started OpenBSD Secure Shell server.
[[0;32m  OK  [0m] Started Permit User Sessions.
         Starting Hold until boot process finishes up...
         Starting Terminate Plymouth Boot Screen...
[[0;32m  OK  [0m] Started Virtualbox guest utils.
[[0;32m  OK  [0m] Started LSB: daemon to balance interrupts for SMP systems.
[[0;32m  OK  [0m] Started LSB: Set the CPU Frequency Scaling governor to "ondemand".
[[0;32m  OK  [0m] Started LSB: automatic crash report generation.
[[0;32m  OK  [0m] Started Hold until boot process finishes up.
[[0;32m  OK  [0m] Started Terminate Plymouth Boot Screen.
[[0;32m  OK  [0m] Started Getty on tty1.
         Starting Set console scheme...
[[0;32m  OK  [0m] Started Serial Getty on ttyS0.
[[0;32m  OK  [0m] Reached target Login Prompts.
[[0;32m  OK  [0m] Started Set console scheme.
[[0;32m  OK  [0m] Created slice User Slice of vagrant.
         Starting User Manager for UID 1000...
[[0;32m  OK  [0m] Started Session 1 of user vagrant.
[[0;32m  OK  [0m] Started User Manager for UID 1000.
[[0;32m  OK  [0m] Started LXD - container startup/shutdown.
[[0;32m  OK  [0m] Started Snappy daemon.
         Starting Wait until snapd is fully seeded...
[[0;32m  OK  [0m] Started Wait until snapd is fully seeded.
         Starting Apply the settings specified in cloud-config...
[[0;32m  OK  [0m] Reached target Multi-User System.
[[0;32m  OK  [0m] Reached target Graphical Interface.
         Starting Update UTMP about System Runlevel Changes...
[[0;32m  OK  [0m] Started Update UTMP about System Runlevel Changes.
[   25.972565] cloud-init[1354]: Cloud-init v. 18.3-9-g2e62cb8a-0ubuntu1~16.04.2 running 'modules:config' at Tue, 30 Oct 2018 07:09:28 +0000. Up 25.82 seconds.
[[0;32m  OK  [0m] Started Apply the settings specified in cloud-config.
         Starting Execute cloud user/final scripts...
[   26.365486] cloud-init[1397]: Cloud-init v. 18.3-9-g2e62cb8a-0ubuntu1~16.04.2 running 'modules:final' at Tue, 30 Oct 2018 07:09:28 +0000. Up 26.26 seconds.
[   26.405257] cloud-init[1397]: Cloud-init v. 18.3-9-g2e62cb8a-0ubuntu1~16.04.2 finished at Tue, 30 Oct 2018 07:09:28 +0000. Datasource DataSourceNoCloud [seed=/dev/sdb][dsmode=net].  Up 26.36 seconds
[[0;32m  OK  [0m] Started Execute cloud user/final scripts.
[[0;32m  OK  [0m] Reached target Cloud-init target.

Ubuntu 16.04.5 LTS ubuntu-xenial ttyS0

ubuntu-xenial login: 